задание: 2.2.2
проект: 221-command-time
устройство: 2e8a:000a
серийный номер: 5303284730A0831C
порт: COM4
начало: 2026-10-01T16:05:33
   0.000 --> uptime
   0.001 <-- uptime
   0.002 <-- dbg read_line:139 got uptime
   0.003 <-- uptime: 17177 ms
   1.032 --> boot_info
   1.033 <-- boot_info
   1.034 <-- dbg read_line:139 got boot_info
   1.035 <-- vector table   0x10000100
   1.036 <-- stack top    0x20042000
   1.037 <-- reset        0x100001f7
   1.038 <-- reset (even) 0x100001f6
   1.039 <-- gpio in        0xd0000004
   1.040 <-- led bit      0
   1.041 <-- gpio_get     0
   2.079 --> uptime
   2.080 <-- uptime
   2.081 <-- dbg read_line:139 got uptime
   2.082 <-- uptime: 19256 ms
   3.110 --> boot_info
   3.111 <-- boot_info
   3.113 <-- dbg read_line:139 got boot_info
   3.114 <-- vector table   0x10000100
   3.115 <-- stack top    0x20042000
   3.118 <-- reset        0x100001f7
   3.119 <-- reset (even) 0x100001f6
   3.120 <-- gpio in        0xd0000004
   3.121 <-- led bit      0
   3.122 <-- gpio_get     0
   4.159 --> uptime
   4.160 <-- uptime
   4.161 <-- dbg read_line:139 got uptime
   4.162 <-- uptime: 21336 ms
   5.204 --> boot_info
   5.204 <-- boot_info
   5.206 <-- dbg read_line:139 got boot_info
   5.208 <-- vector table   0x10000100
   5.209 <-- stack top    0x20042000
   5.211 <-- reset        0x100001f7
   5.212 <-- reset (even) 0x100001f6
   5.214 <-- gpio in        0xd0000004
   5.215 <-- led bit      0
   5.216 <-- gpio_get     0
   6.240 --> uptime
   6.240 <-- uptime
   6.241 <-- dbg read_line:139 got uptime
   6.241 <-- uptime: 23417 ms
   7.262 --> boot_info
   7.263 <-- boot_info
   7.264 <-- dbg read_line:139 got boot_info
   7.265 <-- vector table   0x10000100
   7.266 <-- stack top    0x20042000
   7.267 <-- reset        0x100001f7
   7.268 <-- reset (even) 0x100001f6
   7.269 <-- gpio in        0xd0000004
   7.270 <-- led bit      0
   7.271 <-- gpio_get     0
итог: отправлено команд 8, принято строк 48
