задание: 2.1.3
проект: 211-command-usb
устройство: 2e8a:000a
серийный номер: 5303284730A0831C
порт: COM4
начало: 2026-10-01T15:45:44
   0.000 --> mem_info
   0.003 <-- mem_info
   0.004 <-- dbg read_line:139 got mem_info
   0.006 <-- area       start      end        size
   0.008 <-- flash      0x10000000 0x10200000  2097152
   0.010 <-- sram       0x20000000 0x20042000   270336
   0.014 <-- rom        0x00000000 0x00004000    16384
   0.016 <-- image      0x10000000 0x1000a2ac    41644
   0.018 <-- free       0x1000a2ac 0x10200000  2055508
   0.020 <-- boot2      0x10000000 0x10000100      256
   0.022 <-- text       0x10000100 0x10008db4    36020
   0.024 <-- data flash 0x10008db4 0x1000a2ac     5368
   0.027 <-- data ram   0x200000c0 0x200015b8     5368
   0.029 <-- bss        0x200015b8 0x200023b0     3576
   0.031 <-- heap       0x200023b0 0x20040000   253008
   0.034 <-- stack      0x20041800 0x20042000     2048
итог: отправлено команд 1
