задание: 2.1.3
проект: 211-command-usb
устройство: 2e8a:000a
серийный номер: 5303284730A0831C
порт: COM4
начало: 2026-10-01T15:37:31
   0.000 --> mem_info
   0.173 <-- mem_info
   0.175 <-- dbg read_line:121 got mem_info
   0.177 <-- area       start      end        size
   0.179 <-- flash      0x10000000 0x10200000  2097152
   0.182 <-- sram       0x20000000 0x20042000   270336
   0.184 <-- rom        0x00000000 0x00004000    16384
   0.186 <-- image      0x10000000 0x1000992c    39212
   0.187 <-- free       0x1000992c 0x10200000  2057940
   0.190 <-- boot2      0x10000000 0x10000100      256
   0.191 <-- text       0x10000100 0x10008434    33588
   0.192 <-- data flash 0x10008434 0x1000992c     5368
   0.194 <-- data ram   0x200000c0 0x200015b8     5368
   0.195 <-- bss        0x200015b8 0x20002390     3544
   0.196 <-- heap       0x20002390 0x20040000   253040
   0.197 <-- stack      0x20041800 0x20042000     2048
   0.198 <-- total
   0.200 <-- flash image    39212 = boot2 256 + text 33588 + data 5368
   0.201 <-- flash free    2057940 of 2097152
   0.203 <-- ram used        8912 = data 5368 + bss 3544
   0.204 <-- ram free       253040 for heap and 2048 for stack
итог: отправлено команд 1, принято строк 20
