Archive member included to satisfy reference by file (symbol)

C:/msys64/mingw64/bin/../lib/gcc/arm-none-eabi/13.3.0/thumb/v6-m/nofp\libgcc.a(_dvmd_tls.o)
                              CMakeFiles/112_blink.dir/C_/Repositories/pico/pico-sdk/src/rp2_common/pico_divider/divider_hardware.S.obj (__aeabi_idiv0)
C:/msys64/mingw64/bin/../lib/gcc/arm-none-eabi/13.3.0/../../../../arm-none-eabi/lib/thumb/v6-m/nofp\libg.a(libc_a-calloc.o)
                              CMakeFiles/112_blink.dir/C_/Repositories/pico/pico-sdk/src/rp2_common/pico_malloc/malloc.c.obj (calloc)
C:/msys64/mingw64/bin/../lib/gcc/arm-none-eabi/13.3.0/../../../../arm-none-eabi/lib/thumb/v6-m/nofp\libg.a(libc_a-callocr.o)
                              C:/msys64/mingw64/bin/../lib/gcc/arm-none-eabi/13.3.0/../../../../arm-none-eabi/lib/thumb/v6-m/nofp\libg.a(libc_a-calloc.o) (_calloc_r)
C:/msys64/mingw64/bin/../lib/gcc/arm-none-eabi/13.3.0/../../../../arm-none-eabi/lib/thumb/v6-m/nofp\libg.a(libc_a-malloc.o)
                              CMakeFiles/112_blink.dir/C_/Repositories/pico/pico-sdk/src/rp2_common/pico_malloc/malloc.c.obj (malloc)
C:/msys64/mingw64/bin/../lib/gcc/arm-none-eabi/13.3.0/../../../../arm-none-eabi/lib/thumb/v6-m/nofp\libg.a(libc_a-mallocr.o)
                              C:/msys64/mingw64/bin/../lib/gcc/arm-none-eabi/13.3.0/../../../../arm-none-eabi/lib/thumb/v6-m/nofp\libg.a(libc_a-callocr.o) (_malloc_r)
C:/msys64/mingw64/bin/../lib/gcc/arm-none-eabi/13.3.0/../../../../arm-none-eabi/lib/thumb/v6-m/nofp\libg.a(libc_a-mlock.o)
                              C:/msys64/mingw64/bin/../lib/gcc/arm-none-eabi/13.3.0/../../../../arm-none-eabi/lib/thumb/v6-m/nofp\libg.a(libc_a-mallocr.o) (__malloc_lock)
C:/msys64/mingw64/bin/../lib/gcc/arm-none-eabi/13.3.0/../../../../arm-none-eabi/lib/thumb/v6-m/nofp\libg.a(libc_a-realloc.o)
                              CMakeFiles/112_blink.dir/C_/Repositories/pico/pico-sdk/src/rp2_common/pico_malloc/malloc.c.obj (realloc)
C:/msys64/mingw64/bin/../lib/gcc/arm-none-eabi/13.3.0/../../../../arm-none-eabi/lib/thumb/v6-m/nofp\libg.a(libc_a-reallocr.o)
                              C:/msys64/mingw64/bin/../lib/gcc/arm-none-eabi/13.3.0/../../../../arm-none-eabi/lib/thumb/v6-m/nofp\libg.a(libc_a-realloc.o) (_realloc_r)
C:/msys64/mingw64/bin/../lib/gcc/arm-none-eabi/13.3.0/../../../../arm-none-eabi/lib/thumb/v6-m/nofp\libg.a(libc_a-memcmp.o)
                              CMakeFiles/112_blink.dir/C_/Repositories/pico/pico-sdk/src/rp2_common/pico_atomic/atomic.c.obj (memcmp)
C:/msys64/mingw64/bin/../lib/gcc/arm-none-eabi/13.3.0/../../../../arm-none-eabi/lib/thumb/v6-m/nofp\libg.a(libc_a-memmove.o)
                              C:/msys64/mingw64/bin/../lib/gcc/arm-none-eabi/13.3.0/../../../../arm-none-eabi/lib/thumb/v6-m/nofp\libg.a(libc_a-reallocr.o) (memmove)
C:/msys64/mingw64/bin/../lib/gcc/arm-none-eabi/13.3.0/../../../../arm-none-eabi/lib/thumb/v6-m/nofp\libg.a(libc_a-lcltime_r.o)
                              CMakeFiles/112_blink.dir/C_/Repositories/pico/pico-sdk/src/common/pico_util/datetime.c.obj (localtime_r)
C:/msys64/mingw64/bin/../lib/gcc/arm-none-eabi/13.3.0/../../../../arm-none-eabi/lib/thumb/v6-m/nofp\libg.a(libc_a-mktime.o)
                              CMakeFiles/112_blink.dir/C_/Repositories/pico/pico-sdk/src/common/pico_util/datetime.c.obj (mktime)
C:/msys64/mingw64/bin/../lib/gcc/arm-none-eabi/13.3.0/../../../../arm-none-eabi/lib/thumb/v6-m/nofp\libg.a(libc_a-month_lengths.o)
                              C:/msys64/mingw64/bin/../lib/gcc/arm-none-eabi/13.3.0/../../../../arm-none-eabi/lib/thumb/v6-m/nofp\libg.a(libc_a-lcltime_r.o) (__month_lengths)
C:/msys64/mingw64/bin/../lib/gcc/arm-none-eabi/13.3.0/../../../../arm-none-eabi/lib/thumb/v6-m/nofp\libg.a(libc_a-tzcalc_limits.o)
                              C:/msys64/mingw64/bin/../lib/gcc/arm-none-eabi/13.3.0/../../../../arm-none-eabi/lib/thumb/v6-m/nofp\libg.a(libc_a-lcltime_r.o) (__tzcalc_limits)
C:/msys64/mingw64/bin/../lib/gcc/arm-none-eabi/13.3.0/../../../../arm-none-eabi/lib/thumb/v6-m/nofp\libg.a(libc_a-tzlock.o)
                              C:/msys64/mingw64/bin/../lib/gcc/arm-none-eabi/13.3.0/../../../../arm-none-eabi/lib/thumb/v6-m/nofp\libg.a(libc_a-lcltime_r.o) (__tz_lock)
C:/msys64/mingw64/bin/../lib/gcc/arm-none-eabi/13.3.0/../../../../arm-none-eabi/lib/thumb/v6-m/nofp\libg.a(libc_a-tzset.o)
                              C:/msys64/mingw64/bin/../lib/gcc/arm-none-eabi/13.3.0/../../../../arm-none-eabi/lib/thumb/v6-m/nofp\libg.a(libc_a-lcltime_r.o) (_tzset_unlocked)
C:/msys64/mingw64/bin/../lib/gcc/arm-none-eabi/13.3.0/../../../../arm-none-eabi/lib/thumb/v6-m/nofp\libg.a(libc_a-tzset_r.o)
                              C:/msys64/mingw64/bin/../lib/gcc/arm-none-eabi/13.3.0/../../../../arm-none-eabi/lib/thumb/v6-m/nofp\libg.a(libc_a-tzset.o) (_tzset_unlocked_r)
C:/msys64/mingw64/bin/../lib/gcc/arm-none-eabi/13.3.0/../../../../arm-none-eabi/lib/thumb/v6-m/nofp\libg.a(libc_a-tzvars.o)
[...]
Memory Configuration

Name             Origin             Length             Attributes
FLASH            0x10000000         0x00200000         xr
XIP_RAM          0x15000000         0x00004000         xrw
RAM              0x20000000         0x00040000         xrw
SCRATCH_X        0x20040000         0x00001000         xrw
SCRATCH_Y        0x20041000         0x00001000         xrw
*default*        0x00000000         0xffffffff

Linker script and memory map

                0x20000000                        RAM_ORIGIN_DEFAULT = 0x20000000
                0x00040000                        RAM_LENGTH_DEFAULT = 0x40000
                0x20040000                        SCRATCH_X_ORIGIN_DEFAULT = 0x20040000
                0x00001000                        SCRATCH_X_LENGTH_DEFAULT = 0x1000
                0x20041000                        SCRATCH_Y_ORIGIN_DEFAULT = 0x20041000
                0x00001000                        SCRATCH_Y_LENGTH_DEFAULT = 0x1000
                0x15000000                        XIP_RAM_ORIGIN_DEFAULT = 0x15000000
                0x00004000                        XIP_RAM_LENGTH_DEFAULT = 0x4000
LOAD CMakeFiles/112_blink.dir/main.c.obj
LOAD CMakeFiles/112_blink.dir/C_/Repositories/pico/pico-sdk/src/rp2_common/pico_stdlib/stdlib.c.obj
LOAD CMakeFiles/112_blink.dir/C_/Repositories/pico/pico-sdk/src/rp2_common/hardware_gpio/gpio.c.obj
LOAD CMakeFiles/112_blink.dir/C_/Repositories/pico/pico-sdk/src/rp2040/pico_platform/platform.c.obj
LOAD CMakeFiles/112_blink.dir/C_/Repositories/pico/pico-sdk/src/rp2_common/pico_platform_common/common.c.obj
LOAD CMakeFiles/112_blink.dir/C_/Repositories/pico/pico-sdk/src/rp2_common/pico_platform_panic/panic.c.obj
LOAD CMakeFiles/112_blink.dir/C_/Repositories/pico/pico-sdk/src/rp2_common/pico_platform_panic/custom_panic_function.S.obj
LOAD CMakeFiles/112_blink.dir/C_/Repositories/pico/pico-sdk/src/common/hardware_claim/claim.c.obj
LOAD CMakeFiles/112_blink.dir/C_/Repositories/pico/pico-sdk/src/rp2_common/hardware_sync/sync.c.obj
LOAD CMakeFiles/112_blink.dir/C_/Repositories/pico/pico-sdk/src/rp2_common/hardware_sync_spin_lock/sync_spin_lock.c.obj
LOAD CMakeFiles/112_blink.dir/C_/Repositories/pico/pico-sdk/src/rp2_common/hardware_irq/irq.c.obj
LOAD CMakeFiles/112_blink.dir/C_/Repositories/pico/pico-sdk/src/rp2_common/hardware_irq/irq_handler_chain.S.obj
LOAD CMakeFiles/112_blink.dir/C_/Repositories/pico/pico-sdk/src/common/pico_sync/sem.c.obj
LOAD CMakeFiles/112_blink.dir/C_/Repositories/pico/pico-sdk/src/common/pico_sync/lock_core.c.obj
LOAD CMakeFiles/112_blink.dir/C_/Repositories/pico/pico-sdk/src/common/pico_sync/mutex.c.obj
LOAD CMakeFiles/112_blink.dir/C_/Repositories/pico/pico-sdk/src/common/pico_sync/critical_section.c.obj
LOAD CMakeFiles/112_blink.dir/C_/Repositories/pico/pico-sdk/src/common/pico_time/time.c.obj
LOAD CMakeFiles/112_blink.dir/C_/Repositories/pico/pico-sdk/src/common/pico_time/timeout_helper.c.obj
LOAD CMakeFiles/112_blink.dir/C_/Repositories/pico/pico-sdk/src/rp2_common/hardware_timer/timer.c.obj
LOAD CMakeFiles/112_blink.dir/C_/Repositories/pico/pico-sdk/src/common/pico_util/datetime.c.obj
LOAD CMakeFiles/112_blink.dir/C_/Repositories/pico/pico-sdk/src/common/pico_util/fixed_bitset.c.obj
LOAD CMakeFiles/112_blink.dir/C_/Repositories/pico/pico-sdk/src/common/pico_util/pheap.c.obj
LOAD CMakeFiles/112_blink.dir/C_/Repositories/pico/pico-sdk/src/common/pico_util/queue.c.obj
LOAD CMakeFiles/112_blink.dir/C_/Repositories/pico/pico-sdk/src/rp2_common/hardware_uart/uart.c.obj
LOAD CMakeFiles/112_blink.dir/C_/Repositories/pico/pico-sdk/src/rp2_common/hardware_clocks/clocks.c.obj
LOAD CMakeFiles/112_blink.dir/C_/Repositories/pico/pico-sdk/src/rp2_common/hardware_pll/pll.c.obj
LOAD CMakeFiles/112_blink.dir/C_/Repositories/pico/pico-sdk/src/rp2_common/hardware_vreg/vreg.c.obj
LOAD CMakeFiles/112_blink.dir/C_/Repositories/pico/pico-sdk/src/rp2_common/hardware_watchdog/watchdog.c.obj
LOAD CMakeFiles/112_blink.dir/C_/Repositories/pico/pico-sdk/src/rp2_common/hardware_ticks/ticks.c.obj
LOAD CMakeFiles/112_blink.dir/C_/Repositories/pico/pico-sdk/src/rp2_common/pico_bootrom/bootrom.c.obj
LOAD CMakeFiles/112_blink.dir/C_/Repositories/pico/pico-sdk/src/rp2_common/pico_bootrom/bootrom_lock.c.obj
LOAD CMakeFiles/112_blink.dir/C_/Repositories/pico/pico-sdk/src/rp2_common/hardware_boot_lock/boot_lock.c.obj
LOAD CMakeFiles/112_blink.dir/C_/Repositories/pico/pico-sdk/src/rp2_common/pico_flash/flash.c.obj
LOAD CMakeFiles/112_blink.dir/C_/Repositories/pico/pico-sdk/src/rp2_common/hardware_xosc/xosc.c.obj
LOAD CMakeFiles/112_blink.dir/C_/Repositories/pico/pico-sdk/src/rp2_common/hardware_divider/divider.S.obj
LOAD CMakeFiles/112_blink.dir/C_/Repositories/pico/pico-sdk/src/rp2_common/pico_runtime/runtime.c.obj
LOAD CMakeFiles/112_blink.dir/C_/Repositories/pico/pico-sdk/src/rp2_common/pico_runtime_init/runtime_init.c.obj
LOAD CMakeFiles/112_blink.dir/C_/Repositories/pico/pico-sdk/src/rp2_common/pico_runtime_init/runtime_init_clocks.c.obj
LOAD CMakeFiles/112_blink.dir/C_/Repositories/pico/pico-sdk/src/rp2_common/pico_runtime_init/runtime_init_stack_guard.c.obj
LOAD CMakeFiles/112_blink.dir/C_/Repositories/pico/pico-sdk/src/rp2_common/hardware_rtc/rtc.c.obj
LOAD CMakeFiles/112_blink.dir/C_/Repositories/pico/pico-sdk/src/rp2_common/pico_bit_ops/bit_ops_aeabi.S.obj
LOAD CMakeFiles/112_blink.dir/C_/Repositories/pico/pico-sdk/src/rp2_common/pico_divider/divider_hardware.S.obj
LOAD CMakeFiles/112_blink.dir/C_/Repositories/pico/pico-sdk/src/rp2_common/pico_double/double_aeabi_rp2040.S.obj
LOAD CMakeFiles/112_blink.dir/C_/Repositories/pico/pico-sdk/src/rp2_common/pico_double/double_init_rom_rp2040.c.obj
LOAD CMakeFiles/112_blink.dir/C_/Repositories/pico/pico-sdk/src/rp2_common/pico_double/double_math.c.obj
LOAD CMakeFiles/112_blink.dir/C_/Repositories/pico/pico-sdk/src/rp2_common/pico_double/double_v1_rom_shim_rp2040.S.obj
LOAD CMakeFiles/112_blink.dir/C_/Repositories/pico/pico-sdk/src/rp2_common/pico_int64_ops/pico_int64_ops_aeabi.S.obj
LOAD CMakeFiles/112_blink.dir/C_/Repositories/pico/pico-sdk/src/rp2_common/pico_float/float_aeabi_rp2040.S.obj
LOAD CMakeFiles/112_blink.dir/C_/Repositories/pico/pico-sdk/src/rp2_common/pico_float/float_init_rom_rp2040.c.obj
LOAD CMakeFiles/112_blink.dir/C_/Repositories/pico/pico-sdk/src/rp2_common/pico_float/float_math.c.obj
LOAD CMakeFiles/112_blink.dir/C_/Repositories/pico/pico-sdk/src/rp2_common/pico_float/float_v1_rom_shim_rp2040.S.obj
LOAD CMakeFiles/112_blink.dir/C_/Repositories/pico/pico-sdk/src/rp2_common/pico_malloc/malloc.c.obj
LOAD CMakeFiles/112_blink.dir/C_/Repositories/pico/pico-sdk/src/rp2_common/pico_mem_ops/mem_ops_aeabi.S.obj
LOAD CMakeFiles/112_blink.dir/C_/Repositories/pico/pico-sdk/src/rp2_common/pico_atomic/atomic.c.obj
LOAD CMakeFiles/112_blink.dir/C_/Repositories/pico/pico-sdk/src/rp2_common/pico_cxx_options/new_delete.cpp.obj
LOAD CMakeFiles/112_blink.dir/C_/Repositories/pico/pico-sdk/src/rp2_common/pico_standard_binary_info/standard_binary_info.c.obj
LOAD CMakeFiles/112_blink.dir/C_/Repositories/pico/pico-sdk/src/rp2_common/pico_printf/printf.c.obj
LOAD CMakeFiles/112_blink.dir/C_/Repositories/pico/pico-sdk/src/rp2_common/pico_crt0/crt0.S.obj
LOAD CMakeFiles/112_blink.dir/C_/Repositories/pico/pico-sdk/src/rp2_common/pico_clib_interface/newlib_interface.c.obj
LOAD CMakeFiles/112_blink.dir/C_/Repositories/pico/pico-sdk/src/rp2_common/pico_clib_interface/cxa_guard.c.obj
LOAD CMakeFiles/112_blink.dir/C_/Repositories/pico/pico-sdk/src/rp2_common/pico_stdio/stdio.c.obj
LOAD CMakeFiles/112_blink.dir/C_/Repositories/pico/pico-sdk/src/rp2_common/pico_stdio_uart/stdio_uart.c.obj
LOAD CMakeFiles/112_blink.dir/C_/Repositories/pico/pico-sdk/src/rp2_common/pico_thread_local/thread_local.c.obj
LOAD pico-sdk/src/rp2040/boot_stage2/CMakeFiles/bs2_default_library.dir/./bs2_default_padded_checksummed.S.obj
LOAD C:/msys64/mingw64/bin/../lib/gcc/arm-none-eabi/13.3.0/../../../../arm-none-eabi/lib/thumb/v6-m/nofp\libstdc++.a
LOAD C:/msys64/mingw64/bin/../lib/gcc/arm-none-eabi/13.3.0/../../../../arm-none-eabi/lib/thumb/v6-m/nofp\libm.a
START GROUP
LOAD C:/msys64/mingw64/bin/../lib/gcc/arm-none-eabi/13.3.0/thumb/v6-m/nofp\libgcc.a
LOAD C:/msys64/mingw64/bin/../lib/gcc/arm-none-eabi/13.3.0/../../../../arm-none-eabi/lib/thumb/v6-m/nofp\libg.a
LOAD C:/msys64/mingw64/bin/../lib/gcc/arm-none-eabi/13.3.0/../../../../arm-none-eabi/lib/thumb/v6-m/nofp\libc.a
END GROUP
                0x20000000                        PROVIDE (RAM_ORIGIN = RAM_ORIGIN_DEFAULT)
                0x00040000                        PROVIDE (RAM_LENGTH = RAM_LENGTH_DEFAULT)
                0x20040000                        PROVIDE (SCRATCH_X_ORIGIN = SCRATCH_X_ORIGIN_DEFAULT)
                0x00001000                        PROVIDE (SCRATCH_X_LENGTH = SCRATCH_X_LENGTH_DEFAULT)
                0x20041000                        PROVIDE (SCRATCH_Y_ORIGIN = SCRATCH_Y_ORIGIN_DEFAULT)
                0x00001000                        PROVIDE (SCRATCH_Y_LENGTH = SCRATCH_Y_LENGTH_DEFAULT)
                0x15000000                        PROVIDE (XIP_RAM_ORIGIN = XIP_RAM_ORIGIN_DEFAULT)
                0x00004000                        PROVIDE (XIP_RAM_LENGTH = XIP_RAM_LENGTH_DEFAULT)
                0x20000000                        RAM_ORIGIN = DEFINED (RAM_ORIGIN)?RAM_ORIGIN:RAM_ORIGIN_DEFAULT
                0x00040000                        RAM_LENGTH = DEFINED (RAM_LENGTH)?RAM_LENGTH:RAM_LENGTH_DEFAULT
                0x20040000                        SCRATCH_X_ORIGIN = DEFINED (SCRATCH_X_ORIGIN)?SCRATCH_X_ORIGIN:SCRATCH_X_ORIGIN_DEFAULT
                0x00001000                        SCRATCH_X_LENGTH = DEFINED (SCRATCH_X_LENGTH)?SCRATCH_X_LENGTH:SCRATCH_X_LENGTH_DEFAULT
                0x20041000                        SCRATCH_Y_ORIGIN = DEFINED (SCRATCH_Y_ORIGIN)?SCRATCH_Y_ORIGIN:SCRATCH_Y_ORIGIN_DEFAULT
                0x00001000                        SCRATCH_Y_LENGTH = DEFINED (SCRATCH_Y_LENGTH)?SCRATCH_Y_LENGTH:SCRATCH_Y_LENGTH_DEFAULT
                0x15000000                        XIP_RAM_ORIGIN = DEFINED (XIP_RAM_ORIGIN)?XIP_RAM_ORIGIN:XIP_RAM_ORIGIN_DEFAULT
                0x00004000                        XIP_RAM_LENGTH = DEFINED (XIP_RAM_LENGTH)?XIP_RAM_LENGTH:XIP_RAM_LENGTH_DEFAULT

.flash_begin    0x10000000        0x0
                0x10000000                        __flash_binary_start = .

.boot2          0x10000000      0x100
                0x10000000                        __boot2_start__ = .
 *(.boot2)
 .boot2         0x10000000      0x100 pico-sdk/src/rp2040/boot_stage2/CMakeFiles/bs2_default_library.dir/./bs2_default_padded_checksummed.S.obj
                0x10000100                        __boot2_end__ = .
                0x00000001                        ASSERT (((__boot2_end__ - __boot2_start__) == 0x100), ERROR: Pico second stage bootloader must be exactly 256 bytes in size for RP2040)

.text           0x10000100     0x1674
                0x10000100                        __logical_binary_start = .
 *(.vectors)
 .vectors       0x10000100       0xd4 CMakeFiles/112_blink.dir/C_/Repositories/pico/pico-sdk/src/rp2_common/pico_crt0/crt0.S.obj
                0x10000100                __VECTOR_TABLE
                0x10000100                __vectors
                0x100001c0                isr_irq13
                0x100001c0                isr_irq27
                0x100001c0                isr_irq31
                0x100001c0                isr_irq12
                0x100001c0                isr_irq5
                0x100001c0                isr_irq11
                0x100001c0                isr_irq3
                0x100001c0                isr_irq23
                0x100001c0                __unhandled_user_irq
                0x100001c0                isr_irq26
                0x100001c0                isr_irq28
                0x100001c0                isr_irq19
                0x100001c0                isr_irq0
                0x100001c0                isr_irq6
                0x100001c0                isr_irq29
                0x100001c0                isr_irq16
                0x100001c0                isr_irq22
                0x100001c0                isr_irq18
                0x100001c0                isr_irq17
                0x100001c0                isr_irq14
                0x100001c0                __vectors_end
                0x100001c0                __default_isrs_start
                0x100001c0                isr_irq2
                0x100001c0                isr_irq10
                0x100001c0                isr_irq8
                0x100001c0                isr_irq24
                0x100001c0                isr_irq1
                0x100001c0                isr_irq7
                0x100001c0                isr_irq21
                0x100001c0                isr_irq20
                0x100001c0                isr_irq15
                0x100001c0                isr_irq25
                0x100001c0                isr_irq4
                0x100001c0                isr_irq30
                0x100001c0                isr_irq9
                0x100001c6                unhandled_user_irq_num_in_r0
                0x100001c8                isr_invalid
                0x100001ca                isr_nmi
                0x100001cc                isr_hardfault
                0x100001ce                isr_svcall
                0x100001d0                isr_pendsv
                0x100001d2                isr_systick
                0x100001d4                __default_isrs_end
 *(.binary_info_header)
 .binary_info_header
                0x100001d4       0x14 CMakeFiles/112_blink.dir/C_/Repositories/pico/pico-sdk/src/rp2_common/pico_crt0/crt0.S.obj
                0x100001e8                        __binary_info_header_end = .
 *(.embedded_block)
                0x100001e8                        __embedded_block_end = .
 *(.reset)
 .reset         0x100001e8       0x98 CMakeFiles/112_blink.dir/C_/Repositories/pico/pico-sdk/src/rp2_common/pico_crt0/crt0.S.obj
                0x100001e8                _entry_point
 *(.init)
 *libgcc.a:cmse_nonsecure_call.o()
 *(EXCLUDE_FILE(*libm.a: *lib*_a-mem*.o *libc.a: *libgcc.a:) .text*)
 .text.startup.main
                0x10000280       0x28 CMakeFiles/112_blink.dir/main.c.obj
                0x10000280                main
 .text.gpio_init
                0x100002a8       0x40 CMakeFiles/112_blink.dir/C_/Repositories/pico/pico-sdk/src/rp2_common/hardware_gpio/gpio.c.obj
                0x100002a8                gpio_init
 .text.panic    0x100002e8       0x30 CMakeFiles/112_blink.dir/C_/Repositories/pico/pico-sdk/src/rp2_common/pico_platform_panic/panic.c.obj
                0x100002e8                panic
 .text.hw_claim_or_assert
                0x10000318       0x44 CMakeFiles/112_blink.dir/C_/Repositories/pico/pico-sdk/src/common/hardware_claim/claim.c.obj
                0x10000318                hw_claim_or_assert
 .text.next_striped_spin_lock_num
                0x1000035c       0x18 CMakeFiles/112_blink.dir/C_/Repositories/pico/pico-sdk/src/rp2_common/hardware_sync/sync.c.obj
                0x1000035c                next_striped_spin_lock_num
 .text.spin_locks_reset
                0x10000374       0x1c CMakeFiles/112_blink.dir/C_/Repositories/pico/pico-sdk/src/rp2_common/hardware_sync_spin_lock/sync_spin_lock.c.obj
                0x10000374                spin_locks_reset
 .text.runtime_init_per_core_irq_priorities
                0x10000390       0x24 CMakeFiles/112_blink.dir/C_/Repositories/pico/pico-sdk/src/rp2_common/hardware_irq/irq.c.obj
                0x10000390                runtime_init_per_core_irq_priorities
 .text.irq_set_enabled
                0x100003b4       0x24 CMakeFiles/112_blink.dir/C_/Repositories/pico/pico-sdk/src/rp2_common/hardware_irq/irq.c.obj
                0x100003b4                irq_set_enabled
 .text.irq_set_exclusive_handler
                0x100003d8       0x54 CMakeFiles/112_blink.dir/C_/Repositories/pico/pico-sdk/src/rp2_common/hardware_irq/irq.c.obj
                0x100003d8                irq_set_exclusive_handler
 .text.lock_init
                0x1000042c       0x10 CMakeFiles/112_blink.dir/C_/Repositories/pico/pico-sdk/src/common/pico_sync/lock_core.c.obj
                0x1000042c                lock_init
 .text.runtime_init_mutex
                0x1000043c       0x50 CMakeFiles/112_blink.dir/C_/Repositories/pico/pico-sdk/src/common/pico_sync/mutex.c.obj
                0x1000043c                runtime_init_mutex
 .text.sleep_until_callback
                0x1000048c       0x30 CMakeFiles/112_blink.dir/C_/Repositories/pico/pico-sdk/src/common/pico_time/time.c.obj
 .text.alarm_pool_irq_handler
                0x100004bc      0x2fc CMakeFiles/112_blink.dir/C_/Repositories/pico/pico-sdk/src/common/pico_time/time.c.obj
 .text.runtime_init_default_alarm_pool
                0x100007b8       0xdc CMakeFiles/112_blink.dir/C_/Repositories/pico/pico-sdk/src/common/pico_time/time.c.obj
                0x100007b8                runtime_init_default_alarm_pool
 .text.alarm_pool_add_alarm_at_force_in_context
                0x10000894       0xb0 CMakeFiles/112_blink.dir/C_/Repositories/pico/pico-sdk/src/common/pico_time/time.c.obj
                0x10000894                alarm_pool_add_alarm_at_force_in_context
 .text.alarm_pool_cancel_alarm
                0x10000944       0x74 CMakeFiles/112_blink.dir/C_/Repositories/pico/pico-sdk/src/common/pico_time/time.c.obj
                0x10000944                alarm_pool_cancel_alarm
 .text.sleep_until
                0x100009b8       0xd8 CMakeFiles/112_blink.dir/C_/Repositories/pico/pico-sdk/src/common/pico_time/time.c.obj
                0x100009b8                sleep_until
 .text.sleep_ms
                0x10000a90       0x38 CMakeFiles/112_blink.dir/C_/Repositories/pico/pico-sdk/src/common/pico_time/time.c.obj
                0x10000a90                sleep_ms
 .text.best_effort_wfe_or_timeout
                0x10000ac8      0x118 CMakeFiles/112_blink.dir/C_/Repositories/pico/pico-sdk/src/common/pico_time/time.c.obj
                0x10000ac8                best_effort_wfe_or_timeout
 .text.timer_hardware_alarm_claim
                0x10000be0       0x14 CMakeFiles/112_blink.dir/C_/Repositories/pico/pico-sdk/src/rp2_common/hardware_timer/timer.c.obj
                0x10000be0                timer_hardware_alarm_claim
 .text.timer_time_us_64
                0x10000bf4       0x10 CMakeFiles/112_blink.dir/C_/Repositories/pico/pico-sdk/src/rp2_common/hardware_timer/timer.c.obj
                0x10000bf4                timer_time_us_64
 .text.time_us_64
                0x10000c04       0x14 CMakeFiles/112_blink.dir/C_/Repositories/pico/pico-sdk/src/rp2_common/hardware_timer/timer.c.obj
                0x10000c04                time_us_64
 .text.busy_wait_until
                0x10000c18       0x20 CMakeFiles/112_blink.dir/C_/Repositories/pico/pico-sdk/src/rp2_common/hardware_timer/timer.c.obj
                0x10000c18                busy_wait_until
 .text.clock_configure_int_divider
                0x10000c38       0xf4 CMakeFiles/112_blink.dir/C_/Repositories/pico/pico-sdk/src/rp2_common/hardware_clocks/clocks.c.obj
                0x10000c38                clock_configure_int_divider
 .text.clock_configure_undivided
                0x10000d2c       0xe8 CMakeFiles/112_blink.dir/C_/Repositories/pico/pico-sdk/src/rp2_common/hardware_clocks/clocks.c.obj
                0x10000d2c                clock_configure_undivided
 .text.clock_get_hz
                0x10000e14        0xc CMakeFiles/112_blink.dir/C_/Repositories/pico/pico-sdk/src/rp2_common/hardware_clocks/clocks.c.obj
                0x10000e14                clock_get_hz
 .text.pll_init
                0x10000e20       0xa4 CMakeFiles/112_blink.dir/C_/Repositories/pico/pico-sdk/src/rp2_common/hardware_pll/pll.c.obj
                0x10000e20                pll_init
 .text.tick_start
                0x10000ec4       0x10 CMakeFiles/112_blink.dir/C_/Repositories/pico/pico-sdk/src/rp2_common/hardware_ticks/ticks.c.obj
                0x10000ec4                tick_start
 .text.rom_func_lookup
                0x10000ed4       0x10 CMakeFiles/112_blink.dir/C_/Repositories/pico/pico-sdk/src/rp2_common/pico_bootrom/bootrom.c.obj
                0x10000ed4                rom_func_lookup
 .text.rom_data_lookup
                0x10000ee4       0x10 CMakeFiles/112_blink.dir/C_/Repositories/pico/pico-sdk/src/rp2_common/pico_bootrom/bootrom.c.obj
                0x10000ee4                rom_data_lookup
 .text.rom_funcs_lookup
                0x10000ef4       0x44 CMakeFiles/112_blink.dir/C_/Repositories/pico/pico-sdk/src/rp2_common/pico_bootrom/bootrom.c.obj
                0x10000ef4                rom_funcs_lookup
 .text.xosc_init
                0x10000f38       0x28 CMakeFiles/112_blink.dir/C_/Repositories/pico/pico-sdk/src/rp2_common/hardware_xosc/xosc.c.obj
                0x10000f38                xosc_init
 .text.first_per_core_initializer
                0x10000f60        0x4 CMakeFiles/112_blink.dir/C_/Repositories/pico/pico-sdk/src/rp2_common/pico_runtime/runtime.c.obj
 .text.hard_assertion_failure
                0x10000f64        0xc CMakeFiles/112_blink.dir/C_/Repositories/pico/pico-sdk/src/rp2_common/pico_runtime/runtime.c.obj
                0x10000f64                hard_assertion_failure
 .text.runtime_run_initializers
                0x10000f70       0x28 CMakeFiles/112_blink.dir/C_/Repositories/pico/pico-sdk/src/rp2_common/pico_runtime/runtime.c.obj
                0x10000f70                runtime_run_initializers
 .text.runtime_init_early_resets
                0x10000f98       0x2c CMakeFiles/112_blink.dir/C_/Repositories/pico/pico-sdk/src/rp2_common/pico_runtime_init/runtime_init.c.obj
                0x10000f98                runtime_init_early_resets
 .text.runtime_init_usb_power_down
                0x10000fc4       0x1c CMakeFiles/112_blink.dir/C_/Repositories/pico/pico-sdk/src/rp2_common/pico_runtime_init/runtime_init.c.obj
                0x10000fc4                runtime_init_usb_power_down
 .text.runtime_init_post_clock_resets
                0x10000fe0       0x20 CMakeFiles/112_blink.dir/C_/Repositories/pico/pico-sdk/src/rp2_common/pico_runtime_init/runtime_init.c.obj
                0x10000fe0                runtime_init_post_clock_resets
 .text.runtime_init_rp2040_gpio_ie_disable
                0x10001000       0x14 CMakeFiles/112_blink.dir/C_/Repositories/pico/pico-sdk/src/rp2_common/pico_runtime_init/runtime_init.c.obj
                0x10001000                runtime_init_rp2040_gpio_ie_disable
 .text.runtime_init_spin_locks_reset
                0x10001014        0x8 CMakeFiles/112_blink.dir/C_/Repositories/pico/pico-sdk/src/rp2_common/pico_runtime_init/runtime_init.c.obj
                0x10001014                runtime_init_spin_locks_reset
 .text.runtime_init_install_ram_vector_table
                0x1000101c       0xb4 CMakeFiles/112_blink.dir/C_/Repositories/pico/pico-sdk/src/rp2_common/pico_runtime_init/runtime_init.c.obj
                0x1000101c                runtime_init_install_ram_vector_table
 .text.runtime_init_clocks
                0x100010d0       0xd8 CMakeFiles/112_blink.dir/C_/Repositories/pico/pico-sdk/src/rp2_common/pico_runtime_init/runtime_init_clocks.c.obj
                0x100010d0                runtime_init_clocks
 .text          0x100011a8       0x10 CMakeFiles/112_blink.dir/C_/Repositories/pico/pico-sdk/src/rp2_common/pico_bit_ops/bit_ops_aeabi.S.obj
 .text.__wrap___aeabi_uidiv
                0x100011b8       0x4c CMakeFiles/112_blink.dir/C_/Repositories/pico/pico-sdk/src/rp2_common/pico_divider/divider_hardware.S.obj
                0x100011b8                __wrap___aeabi_uidivmod
                0x100011b8                div_u32u32
                0x100011b8                divmod_u32u32
                0x100011b8                __wrap___aeabi_uidiv
                0x100011e8                divmod_u32u32_savestate
 .text.__aeabi_double_init
                0x10001204       0xa4 CMakeFiles/112_blink.dir/C_/Repositories/pico/pico-sdk/src/rp2_common/pico_double/double_init_rom_rp2040.c.obj
                0x10001204                __aeabi_double_init
 .text.double_table_shim_on_use_helper
                0x100012a8       0x2c CMakeFiles/112_blink.dir/C_/Repositories/pico/pico-sdk/src/rp2_common/pico_double/double_v1_rom_shim_rp2040.S.obj
                0x100012a8                double_table_shim_on_use_helper
 .text.__aeabi_lmul
                0x100012d4       0x32 CMakeFiles/112_blink.dir/C_/Repositories/pico/pico-sdk/src/rp2_common/pico_int64_ops/pico_int64_ops_aeabi.S.obj
                0x100012d4                __wrap___aeabi_lmul
 *fill*         0x10001306        0x2 
 .text.__aeabi_float_init
                0x10001308       0x64 CMakeFiles/112_blink.dir/C_/Repositories/pico/pico-sdk/src/rp2_common/pico_float/float_init_rom_rp2040.c.obj
                0x10001308                __aeabi_float_init
 .text.float_table_shim_on_use_helper
                0x1000136c       0x2c CMakeFiles/112_blink.dir/C_/Repositories/pico/pico-sdk/src/rp2_common/pico_float/float_v1_rom_shim_rp2040.S.obj
                0x1000136c                float_table_shim_on_use_helper
 .text          0x10001398       0x10 CMakeFiles/112_blink.dir/C_/Repositories/pico/pico-sdk/src/rp2_common/pico_mem_ops/mem_ops_aeabi.S.obj
                0x10001398                __aeabi_mem_init
 .text.memcpy   0x100013a8        0xc CMakeFiles/112_blink.dir/C_/Repositories/pico/pico-sdk/src/rp2_common/pico_mem_ops/mem_ops_aeabi.S.obj
                0x100013a8                __wrap_memcpy
                0x100013a8                __wrap___aeabi_memcpy
 .text._out_char
                0x100013b4       0x10 CMakeFiles/112_blink.dir/C_/Repositories/pico/pico-sdk/src/rp2_common/pico_printf/printf.c.obj
 .text.weak_raw_vprintf
                0x100013c4       0x30 CMakeFiles/112_blink.dir/C_/Repositories/pico/pico-sdk/src/rp2_common/pico_printf/printf.c.obj
                0x100013c4                weak_raw_vprintf
 .text._exit    0x100013f4        0x4 CMakeFiles/112_blink.dir/C_/Repositories/pico/pico-sdk/src/rp2_common/pico_clib_interface/newlib_interface.c.obj
                0x100013f4                _exit
 .text._fini    0x100013f8        0x4 CMakeFiles/112_blink.dir/C_/Repositories/pico/pico-sdk/src/rp2_common/pico_clib_interface/newlib_interface.c.obj
                0x100013f8                _fini
 .text.exit     0x100013fc        0x8 CMakeFiles/112_blink.dir/C_/Repositories/pico/pico-sdk/src/rp2_common/pico_clib_interface/newlib_interface.c.obj
                0x100013fc                exit
 .text.runtime_init
                0x10001404       0x2c CMakeFiles/112_blink.dir/C_/Repositories/pico/pico-sdk/src/rp2_common/pico_clib_interface/newlib_interface.c.obj
                0x10001404                runtime_init
 .text.stdio_out_chars_no_crlf
                0x10001430       0x10 CMakeFiles/112_blink.dir/C_/Repositories/pico/pico-sdk/src/rp2_common/pico_stdio/stdio.c.obj
 .text.stdio_out_chars_crlf
                0x10001440       0x94 CMakeFiles/112_blink.dir/C_/Repositories/pico/pico-sdk/src/rp2_common/pico_stdio/stdio.c.obj
 .text.stdio_put_string
                0x100014d4      0x100 CMakeFiles/112_blink.dir/C_/Repositories/pico/pico-sdk/src/rp2_common/pico_stdio/stdio.c.obj
                0x100014d4                stdio_put_string
 .text.__wrap_putchar
                0x100015d4       0x98 CMakeFiles/112_blink.dir/C_/Repositories/pico/pico-sdk/src/rp2_common/pico_stdio/stdio.c.obj
                0x100015d4                __wrap_putchar
                0x100015d4                stdio_putchar
 .text.__wrap_puts
                0x1000166c       0x3c CMakeFiles/112_blink.dir/C_/Repositories/pico/pico-sdk/src/rp2_common/pico_stdio/stdio.c.obj
                0x1000166c                stdio_puts
                0x1000166c                __wrap_puts
 .text          0x100016a8       0x5c C:/msys64/mingw64/bin/../lib/gcc/arm-none-eabi/13.3.0/../../../../arm-none-eabi/lib/thumb/v6-m/nofp\libg.a(libc_a-strlen-stub.o)
                0x100016a8                strlen
 *fill*         0x10001704        0x4 
 .text.__stub   0x10001708       0x30 linker stubs
 *(.fini)
 *crtbegin.o(.ctors)
 *crtbegin?.o(.ctors)
 *(EXCLUDE_FILE(*crtend.o *crtend?.o) .ctors)
 *(SORT_BY_NAME(.ctors.*))
 *(.ctors)
 *crtbegin.o(.dtors)
 *crtbegin?.o(.dtors)
 *(EXCLUDE_FILE(*crtend.o *crtend?.o) .dtors)
 *(SORT_BY_NAME(.dtors.*))
 *(.dtors)
                0x10001738                        . = ALIGN (0x4)
                [!provide]                        PROVIDE (__bothinit_array_start = .)
                0x10001738                        PROVIDE (__preinit_array_start = .)
 *(SORT_BY_NAME(.preinit_array.*))
 .preinit_array.00100
                0x10001738        0x4 CMakeFiles/112_blink.dir/C_/Repositories/pico/pico-sdk/src/rp2_common/pico_runtime_init/runtime_init.c.obj
                0x10001738                __pre_init_runtime_init_early_resets
 .preinit_array.00101
                0x1000173c        0x4 CMakeFiles/112_blink.dir/C_/Repositories/pico/pico-sdk/src/rp2_common/pico_runtime_init/runtime_init.c.obj
                0x1000173c                __pre_init_runtime_init_usb_power_down
 .preinit_array.00275
                0x10001740        0x4 CMakeFiles/112_blink.dir/C_/Repositories/pico/pico-sdk/src/rp2_common/pico_bit_ops/bit_ops_aeabi.S.obj
 .preinit_array.00300
                0x10001744        0x4 CMakeFiles/112_blink.dir/C_/Repositories/pico/pico-sdk/src/rp2_common/pico_mem_ops/mem_ops_aeabi.S.obj
 .preinit_array.00350
                0x10001748        0x4 CMakeFiles/112_blink.dir/C_/Repositories/pico/pico-sdk/src/rp2_common/pico_double/double_aeabi_rp2040.S.obj
 .preinit_array.00350
                0x1000174c        0x4 CMakeFiles/112_blink.dir/C_/Repositories/pico/pico-sdk/src/rp2_common/pico_float/float_aeabi_rp2040.S.obj
 .preinit_array.00500
                0x10001750        0x4 CMakeFiles/112_blink.dir/C_/Repositories/pico/pico-sdk/src/rp2_common/pico_runtime_init/runtime_init.c.obj
                0x10001750                __pre_init_runtime_init_clocks
 .preinit_array.00600
                0x10001754        0x4 CMakeFiles/112_blink.dir/C_/Repositories/pico/pico-sdk/src/rp2_common/pico_runtime_init/runtime_init.c.obj
                0x10001754                __pre_init_runtime_init_post_clock_resets
 .preinit_array.00700
                0x10001758        0x4 CMakeFiles/112_blink.dir/C_/Repositories/pico/pico-sdk/src/rp2_common/pico_runtime_init/runtime_init.c.obj
                0x10001758                __pre_init_runtime_init_rp2040_gpio_ie_disable
 .preinit_array.01000
                0x1000175c        0x4 CMakeFiles/112_blink.dir/C_/Repositories/pico/pico-sdk/src/rp2_common/pico_runtime_init/runtime_init.c.obj
                0x1000175c                __pre_init_runtime_init_spin_locks_reset
 .preinit_array.01100
                0x10001760        0x4 CMakeFiles/112_blink.dir/C_/Repositories/pico/pico-sdk/src/common/pico_sync/mutex.c.obj
                0x10001760                __pre_init_runtime_init_mutex
 .preinit_array.10080
                0x10001764        0x4 CMakeFiles/112_blink.dir/C_/Repositories/pico/pico-sdk/src/rp2_common/pico_runtime_init/runtime_init.c.obj
                0x10001764                __pre_init_runtime_init_install_ram_vector_table
 .preinit_array.11000
                0x10001768        0x4 CMakeFiles/112_blink.dir/C_/Repositories/pico/pico-sdk/src/common/pico_time/time.c.obj
                0x10001768                __pre_init_runtime_init_default_alarm_pool
 .preinit_array.YYYYY
                0x1000176c        0x4 CMakeFiles/112_blink.dir/C_/Repositories/pico/pico-sdk/src/rp2_common/pico_runtime/runtime.c.obj
                0x1000176c                __pre_init_first_per_core_initializer
 .preinit_array.ZZZZZ.01200
                0x10001770        0x4 CMakeFiles/112_blink.dir/C_/Repositories/pico/pico-sdk/src/rp2_common/hardware_irq/irq.c.obj
                0x10001770                __pre_init_runtime_init_per_core_irq_priorities
 *(.preinit_array)
                0x10001774                        PROVIDE (__preinit_array_end = .)
                0x10001774                        . = ALIGN (0x4)
                0x10001774                        PROVIDE (__init_array_start = .)
 *(SORT_BY_NAME(.init_array.*))
 *(.init_array)
                0x10001774                        PROVIDE (__init_array_end = .)
                [!provide]                        PROVIDE (__bothinit_array_end = .)
                0x10001774                        . = ALIGN (0x4)
                [!provide]                        PROVIDE (__fini_array_start = .)
 *(SORT_BY_NAME(.fini_array.*))
 *(.fini_array)
                [!provide]                        PROVIDE (__fini_array_end = .)
                [!provide]                        PROVIDE (__dso_handle = 0x0)
 *(.eh_frame*)
                0x10001774                        . = ALIGN (0x4)

.glue_7         0x10001774        0x0
 .glue_7        0x10001774        0x0 linker stubs

.glue_7t        0x10001774        0x0
 .glue_7t       0x10001774        0x0 linker stubs

.vfp11_veneer   0x10001774        0x0
 .vfp11_veneer  0x10001774        0x0 linker stubs

.v4_bx          0x10001774        0x0
 .v4_bx         0x10001774        0x0 linker stubs

.iplt           0x10001774        0x0
 .iplt          0x10001774        0x0 CMakeFiles/112_blink.dir/main.c.obj

.rodata         0x10001774       0xd8
 *(EXCLUDE_FILE(*libm.a: *lib*_a-mem*.o *libc.a: *libgcc.a:) .rodata*)
 .rodata.panic.str1.4
                0x10001774       0x80 CMakeFiles/112_blink.dir/C_/Repositories/pico/pico-sdk/src/rp2_common/pico_platform_panic/panic.c.obj
                                 0x11 (size before relaxing)
 .rodata.timer_hardware_alarm_claim.str1.4
                0x100017f4        0x0 CMakeFiles/112_blink.dir/C_/Repositories/pico/pico-sdk/src/rp2_common/hardware_timer/timer.c.obj
                                 0x22 (size before relaxing)
 .rodata.hard_assertion_failure.str1.4
                0x100017f4        0x0 CMakeFiles/112_blink.dir/C_/Repositories/pico/pico-sdk/src/rp2_common/pico_runtime/runtime.c.obj
                                  0xc (size before relaxing)
 .rodata.str1.4
                0x100017f4        0x0 CMakeFiles/112_blink.dir/C_/Repositories/pico/pico-sdk/src/rp2_common/pico_standard_binary_info/standard_binary_info.c.obj
                                 0x40 (size before relaxing)
 .rodata.__bi_84
                0x100017f4        0xc CMakeFiles/112_blink.dir/C_/Repositories/pico/pico-sdk/src/rp2_common/pico_standard_binary_info/standard_binary_info.c.obj
 .rodata.__bi_78
                0x10001800        0xc CMakeFiles/112_blink.dir/C_/Repositories/pico/pico-sdk/src/rp2_common/pico_standard_binary_info/standard_binary_info.c.obj
 .rodata.__bi_54
                0x1000180c        0xc CMakeFiles/112_blink.dir/C_/Repositories/pico/pico-sdk/src/rp2_common/pico_standard_binary_info/standard_binary_info.c.obj
 .rodata.__bi_48
                0x10001818        0xc CMakeFiles/112_blink.dir/C_/Repositories/pico/pico-sdk/src/rp2_common/pico_standard_binary_info/standard_binary_info.c.obj
 .rodata.__bi_42
                0x10001824        0xc CMakeFiles/112_blink.dir/C_/Repositories/pico/pico-sdk/src/rp2_common/pico_standard_binary_info/standard_binary_info.c.obj
 .rodata.__bi_34
                0x10001830        0xc CMakeFiles/112_blink.dir/C_/Repositories/pico/pico-sdk/src/rp2_common/pico_standard_binary_info/standard_binary_info.c.obj
 .rodata.__bi_26
                0x1000183c        0xc CMakeFiles/112_blink.dir/C_/Repositories/pico/pico-sdk/src/rp2_common/pico_standard_binary_info/standard_binary_info.c.obj
 .rodata.crlf_str.0
                0x10001848        0x2 CMakeFiles/112_blink.dir/C_/Repositories/pico/pico-sdk/src/rp2_common/pico_stdio/stdio.c.obj
 *(.srodata*)
                0x1000184c                        . = ALIGN (0x4)
 *fill*         0x1000184a        0x2 
 *(SORT_BY_ALIGNMENT(SORT_BY_NAME(.flashdata*)))
                0x1000184c                        . = ALIGN (0x4)

.ARM.extab
 *(.ARM.extab* .gnu.linkonce.armextab.*)
                0x1000184c                        __exidx_start = .

.ARM.exidx
 *(.ARM.exidx* .gnu.linkonce.armexidx.*)
                0x1000184c                        __exidx_end = .
                0x1000184c                        . = ALIGN (0x4)
                0x1000184c                        __binary_info_start = .

.binary_info    0x1000184c       0x1c
 *(.binary_info.keep.*)
 .binary_info.keep.__bi_ptr84
                0x1000184c        0x4 CMakeFiles/112_blink.dir/C_/Repositories/pico/pico-sdk/src/rp2_common/pico_standard_binary_info/standard_binary_info.c.obj
 .binary_info.keep.__bi_ptr78
                0x10001850        0x4 CMakeFiles/112_blink.dir/C_/Repositories/pico/pico-sdk/src/rp2_common/pico_standard_binary_info/standard_binary_info.c.obj
 .binary_info.keep.__bi_ptr54
                0x10001854        0x4 CMakeFiles/112_blink.dir/C_/Repositories/pico/pico-sdk/src/rp2_common/pico_standard_binary_info/standard_binary_info.c.obj
 .binary_info.keep.__bi_ptr48
                0x10001858        0x4 CMakeFiles/112_blink.dir/C_/Repositories/pico/pico-sdk/src/rp2_common/pico_standard_binary_info/standard_binary_info.c.obj
 .binary_info.keep.__bi_ptr42
                0x1000185c        0x4 CMakeFiles/112_blink.dir/C_/Repositories/pico/pico-sdk/src/rp2_common/pico_standard_binary_info/standard_binary_info.c.obj
 .binary_info.keep.__bi_ptr34
                0x10001860        0x4 CMakeFiles/112_blink.dir/C_/Repositories/pico/pico-sdk/src/rp2_common/pico_standard_binary_info/standard_binary_info.c.obj
 .binary_info.keep.__bi_ptr26
                0x10001864        0x4 CMakeFiles/112_blink.dir/C_/Repositories/pico/pico-sdk/src/rp2_common/pico_standard_binary_info/standard_binary_info.c.obj
 *(.binary_info.*)
                0x10001868                        __binary_info_end = .
                0x10001868                        . = ALIGN (0x4)

.xip_ram        0x15000000        0x0 load address 0x10001868
                0x15000000                        __xip_ram_start__ = .
                0x15000000                        . = ALIGN (0x4)
 *(.xip_ram*)
                0x15000000                        . = ALIGN (0x4)
                0x15000000                        __xip_ram_end__ = .
                0x10001868                        __xip_ram_source__ = LOADADDR (.xip_ram)

.ram_vector_table
                0x20000000       0xc0
 *(.ram_vector_table)
 .ram_vector_table
                0x20000000       0xc0 CMakeFiles/112_blink.dir/C_/Repositories/pico/pico-sdk/src/rp2_common/pico_runtime_init/runtime_init.c.obj
                0x20000000                ram_vector_table

.uninitialized_data
                0x200000c0        0x0
                0x200000c0                        . = ALIGN (0x4)
 *(.uninitialized_data*)

.data           0x200000c0      0x178 load address 0x10001868
                0x200000c0                        __data_start__ = .
 *(vtable)
 *(.time_critical*)
 .time_critical.mutex_try_enter
                0x200000c0       0x40 CMakeFiles/112_blink.dir/C_/Repositories/pico/pico-sdk/src/common/pico_sync/mutex.c.obj
                0x200000c0                mutex_try_enter
 .time_critical.mutex_enter_block_until
                0x20000100       0x74 CMakeFiles/112_blink.dir/C_/Repositories/pico/pico-sdk/src/common/pico_sync/mutex.c.obj
                0x20000100                mutex_enter_block_until
 .time_critical.mutex_try_enter_block_until
                0x20000174       0x34 CMakeFiles/112_blink.dir/C_/Repositories/pico/pico-sdk/src/common/pico_sync/mutex.c.obj
                0x20000174                mutex_try_enter_block_until
 .time_critical.mutex_exit
                0x200001a8       0x28 CMakeFiles/112_blink.dir/C_/Repositories/pico/pico-sdk/src/common/pico_sync/mutex.c.obj
                0x200001a8                mutex_exit
 *(.text*)
 .text          0x200001d0        0x4 C:/msys64/mingw64/bin/../lib/gcc/arm-none-eabi/13.3.0/thumb/v6-m/nofp\libgcc.a(_dvmd_tls.o)
                0x200001d0                __aeabi_idiv0
                0x200001d0                __aeabi_ldiv0
 *fill*         0x200001d4        0x4 
 .text.__stub   0x200001d8       0x10 linker stubs
                0x200001e8                        . = ALIGN (0x4)
 *(.rodata*)
                0x200001e8                        . = ALIGN (0x4)
                0x200001e8                        PROVIDE (__emutls_array_start = .)
 *(.*.__emutls_v.*)
                0x200001e8                        PROVIDE (__emutls_array_end = .)
                0x200001e8                        . = ALIGN (0x4)
 *(.data*)
 .data.striped_spin_lock_num
                0x200001e8        0x1 CMakeFiles/112_blink.dir/C_/Repositories/pico/pico-sdk/src/rp2_common/hardware_sync/sync.c.obj
 *fill*         0x200001e9        0x7 
 .data.last_added.0
                0x200001f0        0x8 CMakeFiles/112_blink.dir/C_/Repositories/pico/pico-sdk/src/common/pico_time/time.c.obj
 .data.default_alarm_pool
                0x200001f8       0x18 CMakeFiles/112_blink.dir/C_/Repositories/pico/pico-sdk/src/common/pico_time/time.c.obj
 *fill*         0x20000210        0x0 
 .data.aeabi_bits_funcs
                0x20000210       0x10 CMakeFiles/112_blink.dir/C_/Repositories/pico/pico-sdk/src/rp2_common/pico_bit_ops/bit_ops_aeabi.S.obj
                0x20000210                aeabi_bits_funcs
                0x20000220                aeabi_bits_funcs_end
 .data.aeabi_mem_funcs
                0x20000220       0x10 CMakeFiles/112_blink.dir/C_/Repositories/pico/pico-sdk/src/rp2_common/pico_mem_ops/mem_ops_aeabi.S.obj
                0x20000220                aeabi_mem_funcs
                0x20000230                aeabi_mem_funcs_end
 *(.sdata*)
                0x20000230                        . = ALIGN (0x4)
 *(.after_data.*)
                0x20000230                        . = ALIGN (0x4)
                0x20000230                        PROVIDE (__mutex_array_start = .)
 *(SORT_BY_NAME(.mutex_array.*))
 *(.mutex_array)
 .mutex_array   0x20000230        0x8 CMakeFiles/112_blink.dir/C_/Repositories/pico/pico-sdk/src/rp2_common/pico_stdio/stdio.c.obj
                0x20000238                        PROVIDE (__mutex_array_end = .)
 *(.jcr)
                0x20000238                        . = ALIGN (0x4)

.igot.plt       0x20000238        0x0 load address 0x100019e0
 .igot.plt      0x20000238        0x0 CMakeFiles/112_blink.dir/main.c.obj

.tdata          0x20000238        0x0 load address 0x100019e0
                0x20000238                        . = ALIGN (0x4)
 *(.tdata .tdata.* .gnu.linkonce.td.*)
                0x20000238                        __tdata_end = .
                0x20000238                        PROVIDE (__data_end__ = .)
                0x10001868                        __etext = LOADADDR (.data)
                0x20000238                        . = ALIGN (0x4)

.tbss           0x20000238        0x0 load address 0x100019e0
                0x20000238                        __bss_start__ = .
                0x20000238                        __tls_base = .
 *(.tbss .tbss.* .gnu.linkonce.tb.*)
 *(.tcommon)
                0x20000238                        . = ALIGN (0x4)
                0x20000238                        __tls_end = .

.tbss_space     0x20000238        0x0 load address 0x100019e0
                0x20000238                        . = (__bss_start__ + SIZEOF (.tbss))

.bss            0x20000238      0x3d0 load address 0x100019e0
                0x20000238                        . = ALIGN (0x4)
                0x20000238                        __tbss_end = .
 *(SORT_BY_ALIGNMENT(SORT_BY_NAME(.bss*)))
 .bss.default_alarm_pool_entries
                0x20000238      0x180 CMakeFiles/112_blink.dir/C_/Repositories/pico/pico-sdk/src/common/pico_time/time.c.obj
 .bss.sd_table  0x200003b8      0x100 CMakeFiles/112_blink.dir/C_/Repositories/pico/pico-sdk/src/rp2_common/pico_double/double_init_rom_rp2040.c.obj
                0x200003b8                sd_table
 .bss.sf_table  0x200004b8      0x100 CMakeFiles/112_blink.dir/C_/Repositories/pico/pico-sdk/src/rp2_common/pico_float/float_init_rom_rp2040.c.obj
                0x200004b8                sf_table
 .bss.claimed   0x200005b8        0x1 CMakeFiles/112_blink.dir/C_/Repositories/pico/pico-sdk/src/rp2_common/hardware_timer/timer.c.obj
 *fill*         0x200005b9        0x3 
 .bss.configured_freq
                0x200005bc       0x28 CMakeFiles/112_blink.dir/C_/Repositories/pico/pico-sdk/src/rp2_common/hardware_clocks/clocks.c.obj
 .bss.drivers   0x200005e4        0x4 CMakeFiles/112_blink.dir/C_/Repositories/pico/pico-sdk/src/rp2_common/pico_stdio/stdio.c.obj
 .bss.filter    0x200005e8        0x4 CMakeFiles/112_blink.dir/C_/Repositories/pico/pico-sdk/src/rp2_common/pico_stdio/stdio.c.obj
 .bss.lazy_vsnprintf
                0x200005ec        0x4 CMakeFiles/112_blink.dir/C_/Repositories/pico/pico-sdk/src/rp2_common/pico_printf/printf.c.obj
 .bss.pools     0x200005f0       0x10 CMakeFiles/112_blink.dir/C_/Repositories/pico/pico-sdk/src/common/pico_time/time.c.obj
 .bss.sf_clz_func
                0x20000600        0x4 CMakeFiles/112_blink.dir/C_/Repositories/pico/pico-sdk/src/rp2_common/pico_double/double_init_rom_rp2040.c.obj
                0x20000600                sf_clz_func
 .bss.sleep_notifier
                0x20000604        0x4 CMakeFiles/112_blink.dir/C_/Repositories/pico/pico-sdk/src/common/pico_time/time.c.obj
 *(COMMON)
                [!provide]                        PROVIDE (__global_pointer$ = (. + 0x800))
 *(.sbss*)
                0x20000608                        . = ALIGN (0x4)
                0x20000608                        __bss_end__ = .
                [!provide]                        PROVIDE (__tls_start = SIZEOF (.tdata)?ADDR (.tdata):ADDR (.tbss))
                [!provide]                        PROVIDE (__tls_size = (__tls_end - __tls_start))
                [!provide]                        PROVIDE (__tls_align = MAX (ALIGNOF (.tdata), ALIGNOF (.tbss)))
                [!provide]                        PROVIDE (__tls_size_align = ALIGN (__tls_size, __tls_align))
                [!provide]                        PROVIDE (__arm32_tls_tcb_offset = MAX (0x8, __tls_align))
                [!provide]                        PROVIDE (__tdata_size = SIZEOF (.tdata))
                [!provide]                        PROVIDE (__tdata_source = LOADADDR (.tdata))
                [!provide]                        PROVIDE (__tbss_size = SIZEOF (.tbss))
                [!provide]                        PROVIDE (__tbss_offset = (ADDR (.tbss) - __tls_start))

.tlsX_not_needed_marker
 *(.tlsX_not_needed_marker)
                [!provide]                        PROVIDE (__tlsX_align = (SIZEOF (.tlsX_not_needed_marker) > 0x0)?0x4:__tls_align)
                [!provide]                        PROVIDE (__tlsX_size_align = (SIZEOF (.tlsX_not_needed_marker) > 0x0)?0x0:__tls_size_align)
                0x20000238                        __tls_start = DEFINED (__tls_start)?__tls_start:SIZEOF (.tdata)?ADDR (.tdata):ADDR (.tbss)
                0x00000000                        __tls_size = DEFINED (__tls_size)?__tls_size:(__tls_end - __tls_start)
                0x00000001                        __tls_align = DEFINED (__tls_align)?__tls_align:MAX (ALIGNOF (.tdata), ALIGNOF (.tbss))
                0x00000000                        __tls_size_align = DEFINED (__tls_size_align)?__tls_size_align:ALIGN (__tls_size, __tls_align)
                0x00000008                        __arm32_tls_tcb_offset = DEFINED (__arm32_tls_tcb_offset)?__arm32_tls_tcb_offset:MAX (0x8, __tls_align)
                0x00000000                        __tdata_size = DEFINED (__tdata_size)?__tdata_size:SIZEOF (.tdata)
                0x100019e0                        __tdata_source = DEFINED (__tdata_source)?__tdata_source:LOADADDR (.tdata)
                0x00000000                        __tbss_size = DEFINED (__tbss_size)?__tbss_size:SIZEOF (.tbss)
                0x00000000                        __tbss_offset = DEFINED (__tbss_offset)?__tbss_offset:(ADDR (.tbss) - __tls_start)
                0x00000001                        __tlsX_align = DEFINED (__tlsX_align)?__tlsX_align:(SIZEOF (.tlsX_not_needed_marker) > 0x0)?0x4:__tls_align
                0x00000000                        __tlsX_size_align = DEFINED (__tlsX_size_align)?__tlsX_size_align:(SIZEOF (.tlsX_not_needed_marker) > 0x0)?0x0:__tls_size_align

.tls0           0x20000608        0x0 load address 0x100019e0
                0x20000608                        . = ALIGN (__tlsX_align)
                [!provide]                        PROVIDE (__tls0_base = .)
                0x20000608                        . = (. + __tlsX_size_align)

.tls1           0x20000608        0x0 load address 0x100019e0
                0x20000608                        . = ALIGN (__tlsX_align)
                [!provide]                        PROVIDE (__tls1_base = .)
                0x20000608                        . = (. + __tlsX_size_align)

.persistent_data
                0x20000608        0x0 load address 0x100019e0
                0x20000608                        __persistent_data_start__ = .
 *(.persistent_data*)
                0x20000608                        . = ALIGN (0x4)
                [!provide]                        PROVIDE (__persistent_data_end__ = .)

.dummy_pre_heap
                0x20000608        0x0 load address 0x100019e0
                0x20000608                        . = .

.heap           0x20000608      0x800
                0x20000608                        __end__ = .
                0x20000608                        end = __end__
 *(.heap*)
 .heap          0x20000608      0x800 CMakeFiles/112_blink.dir/C_/Repositories/pico/pico-sdk/src/rp2_common/pico_crt0/crt0.S.obj
                0x20040000                        __HeapLimit = DEFINED (HEAP_LIMIT)?HEAP_LIMIT:(ORIGIN (RAM) + LENGTH (RAM))

.scratch_x      0x20040000        0x0 load address 0x100019e0
                0x20040000                        __scratch_x_start__ = .
 *(.scratch_x.*)
                0x20040000                        . = ALIGN (0x4)
                0x20040000                        __scratch_x_end__ = .
                0x100019e0                        __scratch_x_source__ = LOADADDR (.scratch_x)

.scratch_y      0x20041000        0x0 load address 0x100019e0
                0x20041000                        __scratch_y_start__ = .
 *(.scratch_y.*)
                0x20041000                        . = ALIGN (0x4)
                0x20041000                        __scratch_y_end__ = .
                0x100019e0                        __scratch_y_source__ = LOADADDR (.scratch_y)

.stack1_dummy
 *(.stack1*)

.stack_dummy    0x20041000      0x800
 *(.stack*)
 .stack         0x20041000      0x800 CMakeFiles/112_blink.dir/C_/Repositories/pico/pico-sdk/src/rp2_common/pico_crt0/crt0.S.obj

.rel.dyn        0x20041800        0x0
 .rel.iplt      0x20041800        0x0 CMakeFiles/112_blink.dir/main.c.obj

.flash_end      0x100019e0        0x0
 *(.embedded_end_block*)
                0x100019e0                        PROVIDE (__flash_binary_end = .)
                0x20040000                        __StackLimit = (ORIGIN (RAM) + LENGTH (RAM))
                0x20041000                        __StackOneTop = (ORIGIN (SCRATCH_X) + LENGTH (SCRATCH_X))
                0x20042000                        __StackTop = (ORIGIN (SCRATCH_Y) + LENGTH (SCRATCH_Y))
                0x20041000                        __StackOneBottom = (__StackOneTop - SIZEOF (.stack1_dummy))
                0x20041800                        __StackBottom = (__StackTop - SIZEOF (.stack_dummy))
                [!provide]                        PROVIDE (__stack = __StackTop)
                [!provide]                        PROVIDE (__heap_start = __end__)
                [!provide]                        PROVIDE (__heap_end = __HeapLimit)
                [!provide]                        PROVIDE (__tls_align = MAX (ALIGNOF (.tdata), ALIGNOF (.tbss)))
                [!provide]                        PROVIDE (__tls_size_align = (((__tls_size + __tls_align) - 0x1) & ~ ((__tls_align - 0x1))))
                [!provide]                        PROVIDE (__arm32_tls_tcb_offset = MAX (0x8, __tls_align))
                [!provide]                        PROVIDE (_end = __end__)
                [!provide]                        PROVIDE (__llvm_libc_heap_limit = __HeapLimit)
                0x00000001                        ASSERT ((__StackLimit >= __HeapLimit), region RAM overflowed)
                0x00000001                        ASSERT (((__binary_info_header_end - __logical_binary_start) <= 0x100), Binary info must be in first 256 bytes of the binary)
OUTPUT(112_blink.elf elf32-littlearm)
LOAD linker stubs

.debug_info     0x00000000    0x19730
 .debug_info    0x00000000      0x8b0 CMakeFiles/112_blink.dir/main.c.obj
 .debug_info    0x000008b0     0x2378 CMakeFiles/112_blink.dir/C_/Repositories/pico/pico-sdk/src/rp2_common/hardware_gpio/gpio.c.obj
 .debug_info    0x00002c28      0x1bf CMakeFiles/112_blink.dir/C_/Repositories/pico/pico-sdk/src/rp2_common/pico_platform_panic/panic.c.obj
 .debug_info    0x00002de7      0x99a CMakeFiles/112_blink.dir/C_/Repositories/pico/pico-sdk/src/common/hardware_claim/claim.c.obj
 .debug_info    0x00003781      0x454 CMakeFiles/112_blink.dir/C_/Repositories/pico/pico-sdk/src/rp2_common/hardware_sync/sync.c.obj
 .debug_info    0x00003bd5      0x243 CMakeFiles/112_blink.dir/C_/Repositories/pico/pico-sdk/src/rp2_common/hardware_sync_spin_lock/sync_spin_lock.c.obj
 .debug_info    0x00003e18     0x22e8 CMakeFiles/112_blink.dir/C_/Repositories/pico/pico-sdk/src/rp2_common/hardware_irq/irq.c.obj
 .debug_info    0x00006100      0x161 CMakeFiles/112_blink.dir/C_/Repositories/pico/pico-sdk/src/common/pico_sync/lock_core.c.obj
 .debug_info    0x00006261     0x1bfb CMakeFiles/112_blink.dir/C_/Repositories/pico/pico-sdk/src/common/pico_sync/mutex.c.obj
 .debug_info    0x00007e5c     0x48e6 CMakeFiles/112_blink.dir/C_/Repositories/pico/pico-sdk/src/common/pico_time/time.c.obj
 .debug_info    0x0000c742     0x2b37 CMakeFiles/112_blink.dir/C_/Repositories/pico/pico-sdk/src/rp2_common/hardware_timer/timer.c.obj
 .debug_info    0x0000f279     0x2ed8 CMakeFiles/112_blink.dir/C_/Repositories/pico/pico-sdk/src/rp2_common/hardware_clocks/clocks.c.obj
 .debug_info    0x00012151      0x4f1 CMakeFiles/112_blink.dir/C_/Repositories/pico/pico-sdk/src/rp2_common/hardware_pll/pll.c.obj
 .debug_info    0x00012642      0x248 CMakeFiles/112_blink.dir/C_/Repositories/pico/pico-sdk/src/rp2_common/hardware_ticks/ticks.c.obj
 .debug_info    0x0001288a      0x678 CMakeFiles/112_blink.dir/C_/Repositories/pico/pico-sdk/src/rp2_common/pico_bootrom/bootrom.c.obj
 .debug_info    0x00012f02      0x1d0 CMakeFiles/112_blink.dir/C_/Repositories/pico/pico-sdk/src/rp2_common/hardware_xosc/xosc.c.obj
 .debug_info    0x000130d2      0x21a CMakeFiles/112_blink.dir/C_/Repositories/pico/pico-sdk/src/rp2_common/pico_runtime/runtime.c.obj
 .debug_info    0x000132ec      0x7ea CMakeFiles/112_blink.dir/C_/Repositories/pico/pico-sdk/src/rp2_common/pico_runtime_init/runtime_init.c.obj
 .debug_info    0x00013ad6      0x780 CMakeFiles/112_blink.dir/C_/Repositories/pico/pico-sdk/src/rp2_common/pico_runtime_init/runtime_init_clocks.c.obj
 .debug_info    0x00014256       0x23 CMakeFiles/112_blink.dir/C_/Repositories/pico/pico-sdk/src/rp2_common/pico_bit_ops/bit_ops_aeabi.S.obj
 .debug_info    0x00014279       0x23 CMakeFiles/112_blink.dir/C_/Repositories/pico/pico-sdk/src/rp2_common/pico_divider/divider_hardware.S.obj
 .debug_info    0x0001429c       0x23 CMakeFiles/112_blink.dir/C_/Repositories/pico/pico-sdk/src/rp2_common/pico_double/double_aeabi_rp2040.S.obj
 .debug_info    0x000142bf      0x298 CMakeFiles/112_blink.dir/C_/Repositories/pico/pico-sdk/src/rp2_common/pico_double/double_init_rom_rp2040.c.obj
 .debug_info    0x00014557       0x23 CMakeFiles/112_blink.dir/C_/Repositories/pico/pico-sdk/src/rp2_common/pico_double/double_v1_rom_shim_rp2040.S.obj
 .debug_info    0x0001457a       0x24 CMakeFiles/112_blink.dir/C_/Repositories/pico/pico-sdk/src/rp2_common/pico_int64_ops/pico_int64_ops_aeabi.S.obj
 .debug_info    0x0001459e       0x23 CMakeFiles/112_blink.dir/C_/Repositories/pico/pico-sdk/src/rp2_common/pico_float/float_aeabi_rp2040.S.obj
 .debug_info    0x000145c1      0x298 CMakeFiles/112_blink.dir/C_/Repositories/pico/pico-sdk/src/rp2_common/pico_float/float_init_rom_rp2040.c.obj
 .debug_info    0x00014859       0x23 CMakeFiles/112_blink.dir/C_/Repositories/pico/pico-sdk/src/rp2_common/pico_float/float_v1_rom_shim_rp2040.S.obj
 .debug_info    0x0001487c       0x23 CMakeFiles/112_blink.dir/C_/Repositories/pico/pico-sdk/src/rp2_common/pico_mem_ops/mem_ops_aeabi.S.obj
 .debug_info    0x0001489f      0x2ac CMakeFiles/112_blink.dir/C_/Repositories/pico/pico-sdk/src/rp2_common/pico_standard_binary_info/standard_binary_info.c.obj
 .debug_info    0x00014b4b     0x211a CMakeFiles/112_blink.dir/C_/Repositories/pico/pico-sdk/src/rp2_common/pico_printf/printf.c.obj
 .debug_info    0x00016c65       0x23 CMakeFiles/112_blink.dir/C_/Repositories/pico/pico-sdk/src/rp2_common/pico_crt0/crt0.S.obj
 .debug_info    0x00016c88      0xbd0 CMakeFiles/112_blink.dir/C_/Repositories/pico/pico-sdk/src/rp2_common/pico_clib_interface/newlib_interface.c.obj
 .debug_info    0x00017858     0x1db1 CMakeFiles/112_blink.dir/C_/Repositories/pico/pico-sdk/src/rp2_common/pico_stdio/stdio.c.obj
 .debug_info    0x00019609       0x3c C:/msys64/mingw64/bin/../lib/gcc/arm-none-eabi/13.3.0/thumb/v6-m/nofp\libgcc.a(_dvmd_tls.o)
 .debug_info    0x00019645       0xeb C:/msys64/mingw64/bin/../lib/gcc/arm-none-eabi/13.3.0/../../../../arm-none-eabi/lib/thumb/v6-m/nofp\libg.a(libc_a-strlen-stub.o)

.debug_abbrev   0x00000000     0x4a59
 .debug_abbrev  0x00000000      0x1d5 CMakeFiles/112_blink.dir/main.c.obj
 .debug_abbrev  0x000001d5      0x4c4 CMakeFiles/112_blink.dir/C_/Repositories/pico/pico-sdk/src/rp2_common/hardware_gpio/gpio.c.obj
 .debug_abbrev  0x00000699      0x12b CMakeFiles/112_blink.dir/C_/Repositories/pico/pico-sdk/src/rp2_common/pico_platform_panic/panic.c.obj
 .debug_abbrev  0x000007c4      0x328 CMakeFiles/112_blink.dir/C_/Repositories/pico/pico-sdk/src/common/hardware_claim/claim.c.obj
 .debug_abbrev  0x00000aec      0x210 CMakeFiles/112_blink.dir/C_/Repositories/pico/pico-sdk/src/rp2_common/hardware_sync/sync.c.obj
 .debug_abbrev  0x00000cfc      0x1ae CMakeFiles/112_blink.dir/C_/Repositories/pico/pico-sdk/src/rp2_common/hardware_sync_spin_lock/sync_spin_lock.c.obj
 .debug_abbrev  0x00000eaa      0x5d9 CMakeFiles/112_blink.dir/C_/Repositories/pico/pico-sdk/src/rp2_common/hardware_irq/irq.c.obj
 .debug_abbrev  0x00001483       0xee CMakeFiles/112_blink.dir/C_/Repositories/pico/pico-sdk/src/common/pico_sync/lock_core.c.obj
 .debug_abbrev  0x00001571      0x455 CMakeFiles/112_blink.dir/C_/Repositories/pico/pico-sdk/src/common/pico_sync/mutex.c.obj
 .debug_abbrev  0x000019c6      0x683 CMakeFiles/112_blink.dir/C_/Repositories/pico/pico-sdk/src/common/pico_time/time.c.obj
 .debug_abbrev  0x00002049      0x4f3 CMakeFiles/112_blink.dir/C_/Repositories/pico/pico-sdk/src/rp2_common/hardware_timer/timer.c.obj
 .debug_abbrev  0x0000253c      0x530 CMakeFiles/112_blink.dir/C_/Repositories/pico/pico-sdk/src/rp2_common/hardware_clocks/clocks.c.obj
 .debug_abbrev  0x00002a6c      0x1d2 CMakeFiles/112_blink.dir/C_/Repositories/pico/pico-sdk/src/rp2_common/hardware_pll/pll.c.obj
 .debug_abbrev  0x00002c3e      0x145 CMakeFiles/112_blink.dir/C_/Repositories/pico/pico-sdk/src/rp2_common/hardware_ticks/ticks.c.obj
 .debug_abbrev  0x00002d83      0x1bc CMakeFiles/112_blink.dir/C_/Repositories/pico/pico-sdk/src/rp2_common/pico_bootrom/bootrom.c.obj
 .debug_abbrev  0x00002f3f      0x11d CMakeFiles/112_blink.dir/C_/Repositories/pico/pico-sdk/src/rp2_common/hardware_xosc/xosc.c.obj
 .debug_abbrev  0x0000305c      0x185 CMakeFiles/112_blink.dir/C_/Repositories/pico/pico-sdk/src/rp2_common/pico_runtime/runtime.c.obj
 .debug_abbrev  0x000031e1      0x26b CMakeFiles/112_blink.dir/C_/Repositories/pico/pico-sdk/src/rp2_common/pico_runtime_init/runtime_init.c.obj
 .debug_abbrev  0x0000344c      0x294 CMakeFiles/112_blink.dir/C_/Repositories/pico/pico-sdk/src/rp2_common/pico_runtime_init/runtime_init_clocks.c.obj
 .debug_abbrev  0x000036e0       0x12 CMakeFiles/112_blink.dir/C_/Repositories/pico/pico-sdk/src/rp2_common/pico_bit_ops/bit_ops_aeabi.S.obj
 .debug_abbrev  0x000036f2       0x12 CMakeFiles/112_blink.dir/C_/Repositories/pico/pico-sdk/src/rp2_common/pico_divider/divider_hardware.S.obj
 .debug_abbrev  0x00003704       0x12 CMakeFiles/112_blink.dir/C_/Repositories/pico/pico-sdk/src/rp2_common/pico_double/double_aeabi_rp2040.S.obj
 .debug_abbrev  0x00003716      0x17a CMakeFiles/112_blink.dir/C_/Repositories/pico/pico-sdk/src/rp2_common/pico_double/double_init_rom_rp2040.c.obj
 .debug_abbrev  0x00003890       0x12 CMakeFiles/112_blink.dir/C_/Repositories/pico/pico-sdk/src/rp2_common/pico_double/double_v1_rom_shim_rp2040.S.obj
 .debug_abbrev  0x000038a2       0x14 CMakeFiles/112_blink.dir/C_/Repositories/pico/pico-sdk/src/rp2_common/pico_int64_ops/pico_int64_ops_aeabi.S.obj
 .debug_abbrev  0x000038b6       0x12 CMakeFiles/112_blink.dir/C_/Repositories/pico/pico-sdk/src/rp2_common/pico_float/float_aeabi_rp2040.S.obj
 .debug_abbrev  0x000038c8      0x173 CMakeFiles/112_blink.dir/C_/Repositories/pico/pico-sdk/src/rp2_common/pico_float/float_init_rom_rp2040.c.obj
 .debug_abbrev  0x00003a3b       0x12 CMakeFiles/112_blink.dir/C_/Repositories/pico/pico-sdk/src/rp2_common/pico_float/float_v1_rom_shim_rp2040.S.obj
 .debug_abbrev  0x00003a4d       0x12 CMakeFiles/112_blink.dir/C_/Repositories/pico/pico-sdk/src/rp2_common/pico_mem_ops/mem_ops_aeabi.S.obj
 .debug_abbrev  0x00003a5f       0xb8 CMakeFiles/112_blink.dir/C_/Repositories/pico/pico-sdk/src/rp2_common/pico_standard_binary_info/standard_binary_info.c.obj
 .debug_abbrev  0x00003b17      0x525 CMakeFiles/112_blink.dir/C_/Repositories/pico/pico-sdk/src/rp2_common/pico_printf/printf.c.obj
 .debug_abbrev  0x0000403c       0x12 CMakeFiles/112_blink.dir/C_/Repositories/pico/pico-sdk/src/rp2_common/pico_crt0/crt0.S.obj
 .debug_abbrev  0x0000404e      0x36b CMakeFiles/112_blink.dir/C_/Repositories/pico/pico-sdk/src/rp2_common/pico_clib_interface/newlib_interface.c.obj
 .debug_abbrev  0x000043b9      0x5ea CMakeFiles/112_blink.dir/C_/Repositories/pico/pico-sdk/src/rp2_common/pico_stdio/stdio.c.obj
 .debug_abbrev  0x000049a3       0x26 C:/msys64/mingw64/bin/../lib/gcc/arm-none-eabi/13.3.0/thumb/v6-m/nofp\libgcc.a(_dvmd_tls.o)
 .debug_abbrev  0x000049c9       0x90 C:/msys64/mingw64/bin/../lib/gcc/arm-none-eabi/13.3.0/../../../../arm-none-eabi/lib/thumb/v6-m/nofp\libg.a(libc_a-strlen-stub.o)

.debug_loclists
                0x00000000     0xefe2
 .debug_loclists
                0x00000000       0xa8 CMakeFiles/112_blink.dir/main.c.obj
 .debug_loclists
                0x000000a8     0x1a45 CMakeFiles/112_blink.dir/C_/Repositories/pico/pico-sdk/src/rp2_common/hardware_gpio/gpio.c.obj
 .debug_loclists
                0x00001aed      0x36e CMakeFiles/112_blink.dir/C_/Repositories/pico/pico-sdk/src/common/hardware_claim/claim.c.obj
 .debug_loclists
                0x00001e5b       0xf1 CMakeFiles/112_blink.dir/C_/Repositories/pico/pico-sdk/src/rp2_common/hardware_sync/sync.c.obj
 .debug_loclists
                0x00001f4c       0x7d CMakeFiles/112_blink.dir/C_/Repositories/pico/pico-sdk/src/rp2_common/hardware_sync_spin_lock/sync_spin_lock.c.obj
 .debug_loclists
                0x00001fc9     0x1387 CMakeFiles/112_blink.dir/C_/Repositories/pico/pico-sdk/src/rp2_common/hardware_irq/irq.c.obj
 .debug_loclists
                0x00003350       0x41 CMakeFiles/112_blink.dir/C_/Repositories/pico/pico-sdk/src/common/pico_sync/lock_core.c.obj
 .debug_loclists
                0x00003391      0x87b CMakeFiles/112_blink.dir/C_/Repositories/pico/pico-sdk/src/common/pico_sync/mutex.c.obj
 .debug_loclists
                0x00003c0c     0x2578 CMakeFiles/112_blink.dir/C_/Repositories/pico/pico-sdk/src/common/pico_time/time.c.obj
 .debug_loclists
                0x00006184     0x1a07 CMakeFiles/112_blink.dir/C_/Repositories/pico/pico-sdk/src/rp2_common/hardware_timer/timer.c.obj
 .debug_loclists
                0x00007b8b     0x28c1 CMakeFiles/112_blink.dir/C_/Repositories/pico/pico-sdk/src/rp2_common/hardware_clocks/clocks.c.obj
 .debug_loclists
                0x0000a44c      0x1e0 CMakeFiles/112_blink.dir/C_/Repositories/pico/pico-sdk/src/rp2_common/hardware_pll/pll.c.obj
 .debug_loclists
                0x0000a62c       0x47 CMakeFiles/112_blink.dir/C_/Repositories/pico/pico-sdk/src/rp2_common/hardware_ticks/ticks.c.obj
 .debug_loclists
                0x0000a673      0x399 CMakeFiles/112_blink.dir/C_/Repositories/pico/pico-sdk/src/rp2_common/pico_bootrom/bootrom.c.obj
 .debug_loclists
                0x0000aa0c       0x48 CMakeFiles/112_blink.dir/C_/Repositories/pico/pico-sdk/src/rp2_common/hardware_xosc/xosc.c.obj
 .debug_loclists
                0x0000aa54       0x7e CMakeFiles/112_blink.dir/C_/Repositories/pico/pico-sdk/src/rp2_common/pico_runtime/runtime.c.obj
 .debug_loclists
                0x0000aad2      0x14f CMakeFiles/112_blink.dir/C_/Repositories/pico/pico-sdk/src/rp2_common/pico_runtime_init/runtime_init.c.obj
 .debug_loclists
                0x0000ac21       0x74 CMakeFiles/112_blink.dir/C_/Repositories/pico/pico-sdk/src/rp2_common/pico_runtime_init/runtime_init_clocks.c.obj
 .debug_loclists
                0x0000ac95       0x3d CMakeFiles/112_blink.dir/C_/Repositories/pico/pico-sdk/src/rp2_common/pico_double/double_init_rom_rp2040.c.obj
 .debug_loclists
                0x0000acd2       0x59 CMakeFiles/112_blink.dir/C_/Repositories/pico/pico-sdk/src/rp2_common/pico_float/float_init_rom_rp2040.c.obj
 .debug_loclists
                0x0000ad2b     0x2f65 CMakeFiles/112_blink.dir/C_/Repositories/pico/pico-sdk/src/rp2_common/pico_printf/printf.c.obj
 .debug_loclists
                0x0000dc90      0x44e CMakeFiles/112_blink.dir/C_/Repositories/pico/pico-sdk/src/rp2_common/pico_clib_interface/newlib_interface.c.obj
 .debug_loclists
                0x0000e0de      0xead CMakeFiles/112_blink.dir/C_/Repositories/pico/pico-sdk/src/rp2_common/pico_stdio/stdio.c.obj
 .debug_loclists
                0x0000ef8b       0x57 C:/msys64/mingw64/bin/../lib/gcc/arm-none-eabi/13.3.0/../../../../arm-none-eabi/lib/thumb/v6-m/nofp\libg.a(libc_a-strlen-stub.o)

.debug_aranges  0x00000000      0xee8
 .debug_aranges
                0x00000000       0x20 CMakeFiles/112_blink.dir/main.c.obj
 .debug_aranges
                0x00000020      0x110 CMakeFiles/112_blink.dir/C_/Repositories/pico/pico-sdk/src/rp2_common/hardware_gpio/gpio.c.obj
 .debug_aranges
                0x00000130       0x28 CMakeFiles/112_blink.dir/C_/Repositories/pico/pico-sdk/src/rp2_common/pico_platform_panic/panic.c.obj
 .debug_aranges
                0x00000158       0x48 CMakeFiles/112_blink.dir/C_/Repositories/pico/pico-sdk/src/common/hardware_claim/claim.c.obj
 .debug_aranges
                0x000001a0       0x48 CMakeFiles/112_blink.dir/C_/Repositories/pico/pico-sdk/src/rp2_common/hardware_sync/sync.c.obj
 .debug_aranges
                0x000001e8       0x28 CMakeFiles/112_blink.dir/C_/Repositories/pico/pico-sdk/src/rp2_common/hardware_sync_spin_lock/sync_spin_lock.c.obj
 .debug_aranges
                0x00000210       0xc8 CMakeFiles/112_blink.dir/C_/Repositories/pico/pico-sdk/src/rp2_common/hardware_irq/irq.c.obj
 .debug_aranges
                0x000002d8       0x20 CMakeFiles/112_blink.dir/C_/Repositories/pico/pico-sdk/src/common/pico_sync/lock_core.c.obj
 .debug_aranges
                0x000002f8       0x98 CMakeFiles/112_blink.dir/C_/Repositories/pico/pico-sdk/src/common/pico_sync/mutex.c.obj
 .debug_aranges
                0x00000390       0xe0 CMakeFiles/112_blink.dir/C_/Repositories/pico/pico-sdk/src/common/pico_time/time.c.obj
 .debug_aranges
                0x00000470       0xf0 CMakeFiles/112_blink.dir/C_/Repositories/pico/pico-sdk/src/rp2_common/hardware_timer/timer.c.obj
 .debug_aranges
                0x00000560       0xb0 CMakeFiles/112_blink.dir/C_/Repositories/pico/pico-sdk/src/rp2_common/hardware_clocks/clocks.c.obj
 .debug_aranges
                0x00000610       0x28 CMakeFiles/112_blink.dir/C_/Repositories/pico/pico-sdk/src/rp2_common/hardware_pll/pll.c.obj
 .debug_aranges
                0x00000638       0x30 CMakeFiles/112_blink.dir/C_/Repositories/pico/pico-sdk/src/rp2_common/hardware_ticks/ticks.c.obj
 .debug_aranges
                0x00000668       0x40 CMakeFiles/112_blink.dir/C_/Repositories/pico/pico-sdk/src/rp2_common/pico_bootrom/bootrom.c.obj
 .debug_aranges
                0x000006a8       0x30 CMakeFiles/112_blink.dir/C_/Repositories/pico/pico-sdk/src/rp2_common/hardware_xosc/xosc.c.obj
 .debug_aranges
                0x000006d8       0x38 CMakeFiles/112_blink.dir/C_/Repositories/pico/pico-sdk/src/rp2_common/pico_runtime/runtime.c.obj
 .debug_aranges
                0x00000710       0x48 CMakeFiles/112_blink.dir/C_/Repositories/pico/pico-sdk/src/rp2_common/pico_runtime_init/runtime_init.c.obj
 .debug_aranges
                0x00000758       0x20 CMakeFiles/112_blink.dir/C_/Repositories/pico/pico-sdk/src/rp2_common/pico_runtime_init/runtime_init_clocks.c.obj
 .debug_aranges
                0x00000778       0x60 CMakeFiles/112_blink.dir/C_/Repositories/pico/pico-sdk/src/rp2_common/pico_bit_ops/bit_ops_aeabi.S.obj
 .debug_aranges
                0x000007d8       0x50 CMakeFiles/112_blink.dir/C_/Repositories/pico/pico-sdk/src/rp2_common/pico_divider/divider_hardware.S.obj
 .debug_aranges
                0x00000828      0x150 CMakeFiles/112_blink.dir/C_/Repositories/pico/pico-sdk/src/rp2_common/pico_double/double_aeabi_rp2040.S.obj
 .debug_aranges
                0x00000978       0x20 CMakeFiles/112_blink.dir/C_/Repositories/pico/pico-sdk/src/rp2_common/pico_double/double_init_rom_rp2040.c.obj
 .debug_aranges
                0x00000998       0xc8 CMakeFiles/112_blink.dir/C_/Repositories/pico/pico-sdk/src/rp2_common/pico_double/double_v1_rom_shim_rp2040.S.obj
 .debug_aranges
                0x00000a60       0x20 CMakeFiles/112_blink.dir/C_/Repositories/pico/pico-sdk/src/rp2_common/pico_int64_ops/pico_int64_ops_aeabi.S.obj
 .debug_aranges
                0x00000a80      0x138 CMakeFiles/112_blink.dir/C_/Repositories/pico/pico-sdk/src/rp2_common/pico_float/float_aeabi_rp2040.S.obj
 .debug_aranges
                0x00000bb8       0x20 CMakeFiles/112_blink.dir/C_/Repositories/pico/pico-sdk/src/rp2_common/pico_float/float_init_rom_rp2040.c.obj
 .debug_aranges
                0x00000bd8       0x50 CMakeFiles/112_blink.dir/C_/Repositories/pico/pico-sdk/src/rp2_common/pico_float/float_v1_rom_shim_rp2040.S.obj
 .debug_aranges
                0x00000c28       0x38 CMakeFiles/112_blink.dir/C_/Repositories/pico/pico-sdk/src/rp2_common/pico_mem_ops/mem_ops_aeabi.S.obj
 .debug_aranges
                0x00000c60       0x18 CMakeFiles/112_blink.dir/C_/Repositories/pico/pico-sdk/src/rp2_common/pico_standard_binary_info/standard_binary_info.c.obj
 .debug_aranges
                0x00000c78       0x90 CMakeFiles/112_blink.dir/C_/Repositories/pico/pico-sdk/src/rp2_common/pico_printf/printf.c.obj
 .debug_aranges
                0x00000d08       0x28 CMakeFiles/112_blink.dir/C_/Repositories/pico/pico-sdk/src/rp2_common/pico_crt0/crt0.S.obj
 .debug_aranges
                0x00000d30       0xb0 CMakeFiles/112_blink.dir/C_/Repositories/pico/pico-sdk/src/rp2_common/pico_clib_interface/newlib_interface.c.obj
 .debug_aranges
                0x00000de0       0xc8 CMakeFiles/112_blink.dir/C_/Repositories/pico/pico-sdk/src/rp2_common/pico_stdio/stdio.c.obj
 .debug_aranges
                0x00000ea8       0x20 C:/msys64/mingw64/bin/../lib/gcc/arm-none-eabi/13.3.0/thumb/v6-m/nofp\libgcc.a(_dvmd_tls.o)
 .debug_aranges
                0x00000ec8       0x20 C:/msys64/mingw64/bin/../lib/gcc/arm-none-eabi/13.3.0/../../../../arm-none-eabi/lib/thumb/v6-m/nofp\libg.a(libc_a-strlen-stub.o)

.debug_rnglists
                0x00000000     0x27e2
 .debug_rnglists
                0x00000000       0x3a CMakeFiles/112_blink.dir/main.c.obj
 .debug_rnglists
                0x0000003a      0x5ac CMakeFiles/112_blink.dir/C_/Repositories/pico/pico-sdk/src/rp2_common/hardware_gpio/gpio.c.obj
 .debug_rnglists
                0x000005e6       0x19 CMakeFiles/112_blink.dir/C_/Repositories/pico/pico-sdk/src/rp2_common/pico_platform_panic/panic.c.obj
 .debug_rnglists
                0x000005ff       0xc5 CMakeFiles/112_blink.dir/C_/Repositories/pico/pico-sdk/src/common/hardware_claim/claim.c.obj
 .debug_rnglists
                0x000006c4       0x67 CMakeFiles/112_blink.dir/C_/Repositories/pico/pico-sdk/src/rp2_common/hardware_sync/sync.c.obj
 .debug_rnglists
                0x0000072b       0x3d CMakeFiles/112_blink.dir/C_/Repositories/pico/pico-sdk/src/rp2_common/hardware_sync_spin_lock/sync_spin_lock.c.obj
 .debug_rnglists
                0x00000768      0x36a CMakeFiles/112_blink.dir/C_/Repositories/pico/pico-sdk/src/rp2_common/hardware_irq/irq.c.obj
 .debug_rnglists
                0x00000ad2       0x1f CMakeFiles/112_blink.dir/C_/Repositories/pico/pico-sdk/src/common/pico_sync/lock_core.c.obj
 .debug_rnglists
                0x00000af1      0x205 CMakeFiles/112_blink.dir/C_/Repositories/pico/pico-sdk/src/common/pico_sync/mutex.c.obj
 .debug_rnglists
                0x00000cf6      0x74f CMakeFiles/112_blink.dir/C_/Repositories/pico/pico-sdk/src/common/pico_time/time.c.obj
 .debug_rnglists
                0x00001445      0x2c6 CMakeFiles/112_blink.dir/C_/Repositories/pico/pico-sdk/src/rp2_common/hardware_timer/timer.c.obj
 .debug_rnglists
                0x0000170b      0x540 CMakeFiles/112_blink.dir/C_/Repositories/pico/pico-sdk/src/rp2_common/hardware_clocks/clocks.c.obj
 .debug_rnglists
                0x00001c4b       0x5c CMakeFiles/112_blink.dir/C_/Repositories/pico/pico-sdk/src/rp2_common/hardware_pll/pll.c.obj
 .debug_rnglists
                0x00001ca7       0x2b CMakeFiles/112_blink.dir/C_/Repositories/pico/pico-sdk/src/rp2_common/hardware_ticks/ticks.c.obj
 .debug_rnglists
                0x00001cd2      0x11b CMakeFiles/112_blink.dir/C_/Repositories/pico/pico-sdk/src/rp2_common/pico_bootrom/bootrom.c.obj
 .debug_rnglists
                0x00001ded       0x1f CMakeFiles/112_blink.dir/C_/Repositories/pico/pico-sdk/src/rp2_common/hardware_xosc/xosc.c.obj
 .debug_rnglists
                0x00001e0c       0x3d CMakeFiles/112_blink.dir/C_/Repositories/pico/pico-sdk/src/rp2_common/pico_runtime/runtime.c.obj
 .debug_rnglists
                0x00001e49       0x4a CMakeFiles/112_blink.dir/C_/Repositories/pico/pico-sdk/src/rp2_common/pico_runtime_init/runtime_init.c.obj
 .debug_rnglists
                0x00001e93       0x20 CMakeFiles/112_blink.dir/C_/Repositories/pico/pico-sdk/src/rp2_common/pico_runtime_init/runtime_init_clocks.c.obj
 .debug_rnglists
                0x00001eb3       0x43 CMakeFiles/112_blink.dir/C_/Repositories/pico/pico-sdk/src/rp2_common/pico_bit_ops/bit_ops_aeabi.S.obj
 .debug_rnglists
                0x00001ef6       0x38 CMakeFiles/112_blink.dir/C_/Repositories/pico/pico-sdk/src/rp2_common/pico_divider/divider_hardware.S.obj
 .debug_rnglists
                0x00001f2e       0xf9 CMakeFiles/112_blink.dir/C_/Repositories/pico/pico-sdk/src/rp2_common/pico_double/double_aeabi_rp2040.S.obj
 .debug_rnglists
                0x00002027       0x14 CMakeFiles/112_blink.dir/C_/Repositories/pico/pico-sdk/src/rp2_common/pico_double/double_init_rom_rp2040.c.obj
 .debug_rnglists
                0x0000203b       0x99 CMakeFiles/112_blink.dir/C_/Repositories/pico/pico-sdk/src/rp2_common/pico_double/double_v1_rom_shim_rp2040.S.obj
 .debug_rnglists
                0x000020d4       0xe5 CMakeFiles/112_blink.dir/C_/Repositories/pico/pico-sdk/src/rp2_common/pico_float/float_aeabi_rp2040.S.obj
 .debug_rnglists
                0x000021b9       0x13 CMakeFiles/112_blink.dir/C_/Repositories/pico/pico-sdk/src/rp2_common/pico_float/float_init_rom_rp2040.c.obj
 .debug_rnglists
                0x000021cc       0x38 CMakeFiles/112_blink.dir/C_/Repositories/pico/pico-sdk/src/rp2_common/pico_float/float_v1_rom_shim_rp2040.S.obj
 .debug_rnglists
                0x00002204       0x25 CMakeFiles/112_blink.dir/C_/Repositories/pico/pico-sdk/src/rp2_common/pico_mem_ops/mem_ops_aeabi.S.obj
 .debug_rnglists
                0x00002229      0x27c CMakeFiles/112_blink.dir/C_/Repositories/pico/pico-sdk/src/rp2_common/pico_printf/printf.c.obj
 .debug_rnglists
                0x000024a5       0x1b CMakeFiles/112_blink.dir/C_/Repositories/pico/pico-sdk/src/rp2_common/pico_crt0/crt0.S.obj
 .debug_rnglists
                0x000024c0       0x8b CMakeFiles/112_blink.dir/C_/Repositories/pico/pico-sdk/src/rp2_common/pico_clib_interface/newlib_interface.c.obj
 .debug_rnglists
                0x0000254b      0x297 CMakeFiles/112_blink.dir/C_/Repositories/pico/pico-sdk/src/rp2_common/pico_stdio/stdio.c.obj

.debug_line     0x00000000    0x1454a
 .debug_line    0x00000000      0x3c1 CMakeFiles/112_blink.dir/main.c.obj
 .debug_line    0x000003c1     0x1afc CMakeFiles/112_blink.dir/C_/Repositories/pico/pico-sdk/src/rp2_common/hardware_gpio/gpio.c.obj
 .debug_line    0x00001ebd      0x22a CMakeFiles/112_blink.dir/C_/Repositories/pico/pico-sdk/src/rp2_common/pico_platform_panic/panic.c.obj
 .debug_line    0x000020e7      0x8e4 CMakeFiles/112_blink.dir/C_/Repositories/pico/pico-sdk/src/common/hardware_claim/claim.c.obj
 .debug_line    0x000029cb      0x47e CMakeFiles/112_blink.dir/C_/Repositories/pico/pico-sdk/src/rp2_common/hardware_sync/sync.c.obj
 .debug_line    0x00002e49      0x36b CMakeFiles/112_blink.dir/C_/Repositories/pico/pico-sdk/src/rp2_common/hardware_sync_spin_lock/sync_spin_lock.c.obj
 .debug_line    0x000031b4     0x17bf CMakeFiles/112_blink.dir/C_/Repositories/pico/pico-sdk/src/rp2_common/hardware_irq/irq.c.obj
 .debug_line    0x00004973      0x298 CMakeFiles/112_blink.dir/C_/Repositories/pico/pico-sdk/src/common/pico_sync/lock_core.c.obj
 .debug_line    0x00004c0b     0x1335 CMakeFiles/112_blink.dir/C_/Repositories/pico/pico-sdk/src/common/pico_sync/mutex.c.obj
 .debug_line    0x00005f40     0x30e5 CMakeFiles/112_blink.dir/C_/Repositories/pico/pico-sdk/src/common/pico_time/time.c.obj
 .debug_line    0x00009025     0x1d3f CMakeFiles/112_blink.dir/C_/Repositories/pico/pico-sdk/src/rp2_common/hardware_timer/timer.c.obj
 .debug_line    0x0000ad64     0x2189 CMakeFiles/112_blink.dir/C_/Repositories/pico/pico-sdk/src/rp2_common/hardware_clocks/clocks.c.obj
 .debug_line    0x0000ceed      0x4bb CMakeFiles/112_blink.dir/C_/Repositories/pico/pico-sdk/src/rp2_common/hardware_pll/pll.c.obj
 .debug_line    0x0000d3a8      0x2f5 CMakeFiles/112_blink.dir/C_/Repositories/pico/pico-sdk/src/rp2_common/hardware_ticks/ticks.c.obj
 .debug_line    0x0000d69d      0x445 CMakeFiles/112_blink.dir/C_/Repositories/pico/pico-sdk/src/rp2_common/pico_bootrom/bootrom.c.obj
 .debug_line    0x0000dae2      0x310 CMakeFiles/112_blink.dir/C_/Repositories/pico/pico-sdk/src/rp2_common/hardware_xosc/xosc.c.obj
 .debug_line    0x0000ddf2      0x2cf CMakeFiles/112_blink.dir/C_/Repositories/pico/pico-sdk/src/rp2_common/pico_runtime/runtime.c.obj
 .debug_line    0x0000e0c1      0x692 CMakeFiles/112_blink.dir/C_/Repositories/pico/pico-sdk/src/rp2_common/pico_runtime_init/runtime_init.c.obj
 .debug_line    0x0000e753      0x513 CMakeFiles/112_blink.dir/C_/Repositories/pico/pico-sdk/src/rp2_common/pico_runtime_init/runtime_init_clocks.c.obj
 .debug_line    0x0000ec66      0x108 CMakeFiles/112_blink.dir/C_/Repositories/pico/pico-sdk/src/rp2_common/pico_bit_ops/bit_ops_aeabi.S.obj
 .debug_line    0x0000ed6e      0x2ee CMakeFiles/112_blink.dir/C_/Repositories/pico/pico-sdk/src/rp2_common/pico_divider/divider_hardware.S.obj
 .debug_line    0x0000f05c      0x452 CMakeFiles/112_blink.dir/C_/Repositories/pico/pico-sdk/src/rp2_common/pico_double/double_aeabi_rp2040.S.obj
 .debug_line    0x0000f4ae      0x47a CMakeFiles/112_blink.dir/C_/Repositories/pico/pico-sdk/src/rp2_common/pico_double/double_init_rom_rp2040.c.obj
 .debug_line    0x0000f928      0x66d CMakeFiles/112_blink.dir/C_/Repositories/pico/pico-sdk/src/rp2_common/pico_double/double_v1_rom_shim_rp2040.S.obj
 .debug_line    0x0000ff95       0x61 CMakeFiles/112_blink.dir/C_/Repositories/pico/pico-sdk/src/rp2_common/pico_int64_ops/pico_int64_ops_aeabi.S.obj
 .debug_line    0x0000fff6      0x3d2 CMakeFiles/112_blink.dir/C_/Repositories/pico/pico-sdk/src/rp2_common/pico_float/float_aeabi_rp2040.S.obj
 .debug_line    0x000103c8      0x38f CMakeFiles/112_blink.dir/C_/Repositories/pico/pico-sdk/src/rp2_common/pico_float/float_init_rom_rp2040.c.obj
 .debug_line    0x00010757      0x195 CMakeFiles/112_blink.dir/C_/Repositories/pico/pico-sdk/src/rp2_common/pico_float/float_v1_rom_shim_rp2040.S.obj
 .debug_line    0x000108ec       0x94 CMakeFiles/112_blink.dir/C_/Repositories/pico/pico-sdk/src/rp2_common/pico_mem_ops/mem_ops_aeabi.S.obj
 .debug_line    0x00010980      0x15d CMakeFiles/112_blink.dir/C_/Repositories/pico/pico-sdk/src/rp2_common/pico_standard_binary_info/standard_binary_info.c.obj
 .debug_line    0x00010add     0x1b14 CMakeFiles/112_blink.dir/C_/Repositories/pico/pico-sdk/src/rp2_common/pico_printf/printf.c.obj
 .debug_line    0x000125f1       0xa3 CMakeFiles/112_blink.dir/C_/Repositories/pico/pico-sdk/src/rp2_common/pico_crt0/crt0.S.obj
 .debug_line    0x00012694      0x867 CMakeFiles/112_blink.dir/C_/Repositories/pico/pico-sdk/src/rp2_common/pico_clib_interface/newlib_interface.c.obj
 .debug_line    0x00012efb     0x144a CMakeFiles/112_blink.dir/C_/Repositories/pico/pico-sdk/src/rp2_common/pico_stdio/stdio.c.obj
 .debug_line    0x00014345       0x4a C:/msys64/mingw64/bin/../lib/gcc/arm-none-eabi/13.3.0/thumb/v6-m/nofp\libgcc.a(_dvmd_tls.o)
 .debug_line    0x0001438f      0x1bb C:/msys64/mingw64/bin/../lib/gcc/arm-none-eabi/13.3.0/../../../../arm-none-eabi/lib/thumb/v6-m/nofp\libg.a(libc_a-strlen-stub.o)

.debug_str      0x00000000     0x4982
 .debug_str     0x00000000     0x4982 CMakeFiles/112_blink.dir/main.c.obj
                                0x945 (size before relaxing)
 .debug_str     0x00004982        0x0 CMakeFiles/112_blink.dir/C_/Repositories/pico/pico-sdk/src/rp2_common/hardware_gpio/gpio.c.obj
                                0xca7 (size before relaxing)
 .debug_str     0x00004982        0x0 CMakeFiles/112_blink.dir/C_/Repositories/pico/pico-sdk/src/rp2_common/pico_platform_panic/panic.c.obj
                                0x1df (size before relaxing)
 .debug_str     0x00004982        0x0 CMakeFiles/112_blink.dir/C_/Repositories/pico/pico-sdk/src/common/hardware_claim/claim.c.obj
                                0x362 (size before relaxing)
 .debug_str     0x00004982        0x0 CMakeFiles/112_blink.dir/C_/Repositories/pico/pico-sdk/src/rp2_common/hardware_sync/sync.c.obj
                                0x30b (size before relaxing)
 .debug_str     0x00004982        0x0 CMakeFiles/112_blink.dir/C_/Repositories/pico/pico-sdk/src/rp2_common/hardware_sync_spin_lock/sync_spin_lock.c.obj
                                0x21e (size before relaxing)
 .debug_str     0x00004982        0x0 CMakeFiles/112_blink.dir/C_/Repositories/pico/pico-sdk/src/rp2_common/hardware_irq/irq.c.obj
                                0xace (size before relaxing)
 .debug_str     0x00004982        0x0 CMakeFiles/112_blink.dir/C_/Repositories/pico/pico-sdk/src/common/pico_sync/lock_core.c.obj
                                0x1ea (size before relaxing)
 .debug_str     0x00004982        0x0 CMakeFiles/112_blink.dir/C_/Repositories/pico/pico-sdk/src/common/pico_sync/mutex.c.obj
                                0x7c5 (size before relaxing)
 .debug_str     0x00004982        0x0 CMakeFiles/112_blink.dir/C_/Repositories/pico/pico-sdk/src/common/pico_time/time.c.obj
                               0x11d3 (size before relaxing)
 .debug_str     0x00004982        0x0 CMakeFiles/112_blink.dir/C_/Repositories/pico/pico-sdk/src/rp2_common/hardware_timer/timer.c.obj
                                0xa0d (size before relaxing)
 .debug_str     0x00004982        0x0 CMakeFiles/112_blink.dir/C_/Repositories/pico/pico-sdk/src/rp2_common/hardware_clocks/clocks.c.obj
                                0xeaf (size before relaxing)
 .debug_str     0x00004982        0x0 CMakeFiles/112_blink.dir/C_/Repositories/pico/pico-sdk/src/rp2_common/hardware_pll/pll.c.obj
                                0x449 (size before relaxing)
 .debug_str     0x00004982        0x0 CMakeFiles/112_blink.dir/C_/Repositories/pico/pico-sdk/src/rp2_common/hardware_ticks/ticks.c.obj
                                0x26c (size before relaxing)
 .debug_str     0x00004982        0x0 CMakeFiles/112_blink.dir/C_/Repositories/pico/pico-sdk/src/rp2_common/pico_bootrom/bootrom.c.obj
                                0x331 (size before relaxing)
 .debug_str     0x00004982        0x0 CMakeFiles/112_blink.dir/C_/Repositories/pico/pico-sdk/src/rp2_common/hardware_xosc/xosc.c.obj
                                0x221 (size before relaxing)
 .debug_str     0x00004982        0x0 CMakeFiles/112_blink.dir/C_/Repositories/pico/pico-sdk/src/rp2_common/pico_runtime/runtime.c.obj
                                0x271 (size before relaxing)
 .debug_str     0x00004982        0x0 CMakeFiles/112_blink.dir/C_/Repositories/pico/pico-sdk/src/rp2_common/pico_runtime_init/runtime_init.c.obj
                                0x7a4 (size before relaxing)
 .debug_str     0x00004982        0x0 CMakeFiles/112_blink.dir/C_/Repositories/pico/pico-sdk/src/rp2_common/pico_runtime_init/runtime_init_clocks.c.obj
                                0x479 (size before relaxing)
 .debug_str     0x00004982        0x0 CMakeFiles/112_blink.dir/C_/Repositories/pico/pico-sdk/src/rp2_common/pico_bit_ops/bit_ops_aeabi.S.obj
                                 0x7d (size before relaxing)
 .debug_str     0x00004982        0x0 CMakeFiles/112_blink.dir/C_/Repositories/pico/pico-sdk/src/rp2_common/pico_divider/divider_hardware.S.obj
                                 0x80 (size before relaxing)
 .debug_str     0x00004982        0x0 CMakeFiles/112_blink.dir/C_/Repositories/pico/pico-sdk/src/rp2_common/pico_double/double_aeabi_rp2040.S.obj
                                 0x82 (size before relaxing)
 .debug_str     0x00004982        0x0 CMakeFiles/112_blink.dir/C_/Repositories/pico/pico-sdk/src/rp2_common/pico_double/double_init_rom_rp2040.c.obj
                                0x2ae (size before relaxing)
 .debug_str     0x00004982        0x0 CMakeFiles/112_blink.dir/C_/Repositories/pico/pico-sdk/src/rp2_common/pico_double/double_v1_rom_shim_rp2040.S.obj
                                 0x88 (size before relaxing)
 .debug_str     0x00004982        0x0 CMakeFiles/112_blink.dir/C_/Repositories/pico/pico-sdk/src/rp2_common/pico_int64_ops/pico_int64_ops_aeabi.S.obj
                                 0x86 (size before relaxing)
 .debug_str     0x00004982        0x0 CMakeFiles/112_blink.dir/C_/Repositories/pico/pico-sdk/src/rp2_common/pico_float/float_aeabi_rp2040.S.obj
                                 0x80 (size before relaxing)
 .debug_str     0x00004982        0x0 CMakeFiles/112_blink.dir/C_/Repositories/pico/pico-sdk/src/rp2_common/pico_float/float_init_rom_rp2040.c.obj
                                0x293 (size before relaxing)
 .debug_str     0x00004982        0x0 CMakeFiles/112_blink.dir/C_/Repositories/pico/pico-sdk/src/rp2_common/pico_float/float_v1_rom_shim_rp2040.S.obj
                                 0x86 (size before relaxing)
 .debug_str     0x00004982        0x0 CMakeFiles/112_blink.dir/C_/Repositories/pico/pico-sdk/src/rp2_common/pico_mem_ops/mem_ops_aeabi.S.obj
                                 0x7d (size before relaxing)
 .debug_str     0x00004982        0x0 CMakeFiles/112_blink.dir/C_/Repositories/pico/pico-sdk/src/rp2_common/pico_standard_binary_info/standard_binary_info.c.obj
                                0x3db (size before relaxing)
 .debug_str     0x00004982        0x0 CMakeFiles/112_blink.dir/C_/Repositories/pico/pico-sdk/src/rp2_common/pico_printf/printf.c.obj
                                0x4b4 (size before relaxing)
 .debug_str     0x00004982        0x0 CMakeFiles/112_blink.dir/C_/Repositories/pico/pico-sdk/src/rp2_common/pico_crt0/crt0.S.obj
                                 0x71 (size before relaxing)
 .debug_str     0x00004982        0x0 CMakeFiles/112_blink.dir/C_/Repositories/pico/pico-sdk/src/rp2_common/pico_clib_interface/newlib_interface.c.obj
                                0x760 (size before relaxing)
 .debug_str     0x00004982        0x0 CMakeFiles/112_blink.dir/C_/Repositories/pico/pico-sdk/src/rp2_common/pico_stdio/stdio.c.obj
                                0xeeb (size before relaxing)
 .debug_str     0x00004982        0x0 C:/msys64/mingw64/bin/../lib/gcc/arm-none-eabi/13.3.0/thumb/v6-m/nofp\libgcc.a(_dvmd_tls.o)
                                 0x9a (size before relaxing)
 .debug_str     0x00004982        0x0 C:/msys64/mingw64/bin/../lib/gcc/arm-none-eabi/13.3.0/../../../../arm-none-eabi/lib/thumb/v6-m/nofp\libg.a(libc_a-strlen-stub.o)
                                0x198 (size before relaxing)

.comment        0x00000000       0x12
 .comment       0x00000000       0x12 CMakeFiles/112_blink.dir/main.c.obj
                                 0x13 (size before relaxing)
 .comment       0x00000012        0x0 CMakeFiles/112_blink.dir/C_/Repositories/pico/pico-sdk/src/rp2_common/hardware_gpio/gpio.c.obj
                                 0x13 (size before relaxing)
 .comment       0x00000012        0x0 CMakeFiles/112_blink.dir/C_/Repositories/pico/pico-sdk/src/rp2_common/pico_platform_panic/panic.c.obj
                                 0x13 (size before relaxing)
 .comment       0x00000012        0x0 CMakeFiles/112_blink.dir/C_/Repositories/pico/pico-sdk/src/common/hardware_claim/claim.c.obj
                                 0x13 (size before relaxing)
 .comment       0x00000012        0x0 CMakeFiles/112_blink.dir/C_/Repositories/pico/pico-sdk/src/rp2_common/hardware_sync/sync.c.obj
                                 0x13 (size before relaxing)
 .comment       0x00000012        0x0 CMakeFiles/112_blink.dir/C_/Repositories/pico/pico-sdk/src/rp2_common/hardware_sync_spin_lock/sync_spin_lock.c.obj
                                 0x13 (size before relaxing)
 .comment       0x00000012        0x0 CMakeFiles/112_blink.dir/C_/Repositories/pico/pico-sdk/src/rp2_common/hardware_irq/irq.c.obj
                                 0x13 (size before relaxing)
 .comment       0x00000012        0x0 CMakeFiles/112_blink.dir/C_/Repositories/pico/pico-sdk/src/common/pico_sync/lock_core.c.obj
                                 0x13 (size before relaxing)
 .comment       0x00000012        0x0 CMakeFiles/112_blink.dir/C_/Repositories/pico/pico-sdk/src/common/pico_sync/mutex.c.obj
                                 0x13 (size before relaxing)
 .comment       0x00000012        0x0 CMakeFiles/112_blink.dir/C_/Repositories/pico/pico-sdk/src/common/pico_time/time.c.obj
                                 0x13 (size before relaxing)
 .comment       0x00000012        0x0 CMakeFiles/112_blink.dir/C_/Repositories/pico/pico-sdk/src/rp2_common/hardware_timer/timer.c.obj
                                 0x13 (size before relaxing)
 .comment       0x00000012        0x0 CMakeFiles/112_blink.dir/C_/Repositories/pico/pico-sdk/src/rp2_common/hardware_clocks/clocks.c.obj
                                 0x13 (size before relaxing)
 .comment       0x00000012        0x0 CMakeFiles/112_blink.dir/C_/Repositories/pico/pico-sdk/src/rp2_common/hardware_pll/pll.c.obj
                                 0x13 (size before relaxing)
 .comment       0x00000012        0x0 CMakeFiles/112_blink.dir/C_/Repositories/pico/pico-sdk/src/rp2_common/hardware_ticks/ticks.c.obj
                                 0x13 (size before relaxing)
 .comment       0x00000012        0x0 CMakeFiles/112_blink.dir/C_/Repositories/pico/pico-sdk/src/rp2_common/pico_bootrom/bootrom.c.obj
                                 0x13 (size before relaxing)
 .comment       0x00000012        0x0 CMakeFiles/112_blink.dir/C_/Repositories/pico/pico-sdk/src/rp2_common/hardware_xosc/xosc.c.obj
                                 0x13 (size before relaxing)
 .comment       0x00000012        0x0 CMakeFiles/112_blink.dir/C_/Repositories/pico/pico-sdk/src/rp2_common/pico_runtime/runtime.c.obj
                                 0x13 (size before relaxing)
 .comment       0x00000012        0x0 CMakeFiles/112_blink.dir/C_/Repositories/pico/pico-sdk/src/rp2_common/pico_runtime_init/runtime_init.c.obj
                                 0x13 (size before relaxing)
 .comment       0x00000012        0x0 CMakeFiles/112_blink.dir/C_/Repositories/pico/pico-sdk/src/rp2_common/pico_runtime_init/runtime_init_clocks.c.obj
                                 0x13 (size before relaxing)
 .comment       0x00000012        0x0 CMakeFiles/112_blink.dir/C_/Repositories/pico/pico-sdk/src/rp2_common/pico_double/double_init_rom_rp2040.c.obj
                                 0x13 (size before relaxing)
 .comment       0x00000012        0x0 CMakeFiles/112_blink.dir/C_/Repositories/pico/pico-sdk/src/rp2_common/pico_float/float_init_rom_rp2040.c.obj
                                 0x13 (size before relaxing)
 .comment       0x00000012        0x0 CMakeFiles/112_blink.dir/C_/Repositories/pico/pico-sdk/src/rp2_common/pico_standard_binary_info/standard_binary_info.c.obj
                                 0x13 (size before relaxing)
 .comment       0x00000012        0x0 CMakeFiles/112_blink.dir/C_/Repositories/pico/pico-sdk/src/rp2_common/pico_printf/printf.c.obj
                                 0x13 (size before relaxing)
 .comment       0x00000012        0x0 CMakeFiles/112_blink.dir/C_/Repositories/pico/pico-sdk/src/rp2_common/pico_clib_interface/newlib_interface.c.obj
                                 0x13 (size before relaxing)
 .comment       0x00000012        0x0 CMakeFiles/112_blink.dir/C_/Repositories/pico/pico-sdk/src/rp2_common/pico_stdio/stdio.c.obj
                                 0x13 (size before relaxing)
 .comment       0x00000012        0x0 C:/msys64/mingw64/bin/../lib/gcc/arm-none-eabi/13.3.0/../../../../arm-none-eabi/lib/thumb/v6-m/nofp\libg.a(libc_a-strlen-stub.o)
                                 0x13 (size before relaxing)

.ARM.attributes
                0x00000000       0x2a
 .ARM.attributes
                0x00000000       0x2c CMakeFiles/112_blink.dir/main.c.obj